[ML] Cycle — IF_score=0.1640  IF_anom=0  LSTM_err=0.002266  LSTM_anom=0  OR_gate=0  ensemble=0
[ML] Cycle — IF_score=0.0983  IF_anom=0  LSTM_err=0.004350  LSTM_anom=0  OR_gate=0  ensemble=0
[ML] Cycle — IF_score=0.1595  IF_anom=0  LSTM_err=0.001126  LSTM_anom=0  OR_gate=0  ensemble=0
[ML] Cycle — IF_score=0.1976  IF_anom=0  LSTM_err=0.002239  LSTM_anom=0  OR_gate=0  ensemble=0
[ML] Cycle — IF_score=0.1727  IF_anom=0  LSTM_err=0.003018  LSTM_anom=0  OR_gate=0  ensemble=0
[ML] Cycle — IF_score=0.1753  IF_anom=0  LSTM_err=0.002086  LSTM_anom=0  OR_gate=0  ensemble=0
[ML] Cycle — IF_score=0.1488  IF_anom=0  LSTM_err=0.002967  LSTM_anom=0  OR_gate=0  ensemble=0
[ML] Cycle — IF_score=0.0390  IF_anom=0  LSTM_err=0.003741  LSTM_anom=0  OR_gate=0  ensemble=0
[ML] Cycle — IF_score=0.1602  IF_anom=0  LSTM_err=0.003200  LSTM_anom=0  OR_gate=0  ensemble=0
Drift cycle error: local variable '_drift_confirm_count' referenced before assignment
[ML] Cycle — IF_score=-0.0337  IF_anom=0  LSTM_err=0.147796  LSTM_anom=0  OR_gate=0  ensemble=0
!!! REPLAY ATTACK DETECTED !!! Replay detected [fp_match]: 326 samples mean=129.6 PSI stdev=12.9465 baseline_dev=11.6% fp_match=True lstm_err=0.002972 post_attack=True
Drift cycle error: local variable '_drift_confirm_count' referenced before assignment
!!! CROSS_LAYER_ANOMALY !!! pressure_delta=27.00 PSI with no write commands
[ML] Cycle — IF_score=-0.0355  IF_anom=0  LSTM_err=0.147945  LSTM_anom=0  OR_gate=0  ensemble=1
Drift cycle error: local variable '_drift_confirm_count' referenced before assignment
[ML] Cycle — IF_score=0.1825  IF_anom=0  LSTM_err=0.004311  LSTM_anom=0  OR_gate=0  ensemble=0
Drift cycle error: local variable '_drift_confirm_count' referenced before assignment
[ML] Cycle — IF_score=0.1523  IF_anom=0  LSTM_err=0.001105  LSTM_anom=0  OR_gate=0  ensemble=0
Drift cycle error: local variable '_drift_confirm_count' referenced before assignment
[ML] Cycle — IF_score=0.1488  IF_anom=0  LSTM_err=0.006680  LSTM_anom=0  OR_gate=0  ensemble=0
Drift cycle error: local variable '_drift_confirm_count' referenced before assignment
[ML] Cycle — IF_score=0.1916  IF_anom=0  LSTM_err=0.002977  LSTM_anom=0  OR_gate=0  ensemble=0
[ML] Cycle — IF_score=0.0662  IF_anom=0  LSTM_err=0.002765  LSTM_anom=0  OR_gate=0  ensemble=0
[ML] Cycle — IF_score=0.2030  IF_anom=0  LSTM_err=0.002337  LSTM_anom=0  OR_gate=0  ensemble=0
[ML] Cycle — IF_score=0.1906  IF_anom=0  LSTM_err=0.001848  LSTM_anom=0  OR_gate=0  ensemble=0
[ML] Cycle — IF_score=0.1566  IF_anom=0  LSTM_err=0.009282  LSTM_anom=0  OR_gate=0  ensemble=0
[ML] Cycle — IF_score=0.1665  IF_anom=0  LSTM_err=0.000877  LSTM_anom=0  OR_gate=0  ensemble=0
[ML] Cycle — IF_score=0.0361  IF_anom=0  LSTM_err=0.002214  LSTM_anom=0  OR_gate=0  ensemble=0
[ML] Cycle — IF_score=0.1826  IF_anom=0  LSTM_err=0.003667  LSTM_anom=0  OR_gate=0  ensemble=0
[ML] Cycle — IF_score=0.1826  IF_anom=0  LSTM_err=0.002222  LSTM_anom=0  OR_gate=0  ensemble=0
[ML] Cycle — IF_score=0.1424  IF_anom=0  LSTM_err=0.003165  LSTM_anom=0  OR_gate=0  ensemble=0
[ML] Cycle — IF_score=0.1299  IF_anom=0  LSTM_err=0.003018  LSTM_anom=0  OR_gate=0  ensemble=0
[ML] Cycle — IF_score=0.1940  IF_anom=0  LSTM_err=0.002212  LSTM_anom=0  OR_gate=0  ensemble=0
[ML] Cycle — IF_score=0.2051  IF_anom=0  LSTM_err=0.002291  LSTM_anom=0  OR_gate=0  ensemble=0
[ML] Cycle — IF_score=0.1994  IF_anom=0  LSTM_err=0.003300  LSTM_anom=0  OR_gate=0  ensemble=0
[ML] Cycle — IF_score=0.1868  IF_anom=0  LSTM_err=0.004398  LSTM_anom=0  OR_gate=0  ensemble=0
[ML] Cycle — IF_score=0.1450  IF_anom=0  LSTM_err=0.001465  LSTM_anom=0  OR_gate=0  ensemble=0
[ML] Cycle — IF_score=0.2029  IF_anom=0  LSTM_err=0.001946  LSTM_anom=0  OR_gate=0  ensemble=0
[ML] Cycle — IF_score=0.0735  IF_anom=0  LSTM_err=0.001943  LSTM_anom=0  OR_gate=0  ensemble=0
[ML] Cycle — IF_score=0.0689  IF_anom=0  LSTM_err=0.002359  LSTM_anom=0  OR_gate=0  ensemble=0
[ML] Cycle — IF_score=0.1583  IF_anom=0  LSTM_err=0.003223  LSTM_anom=0  OR_gate=0  ensemble=0
[ML] Cycle — IF_score=0.1197  IF_anom=0  LSTM_err=0.003008  LSTM_anom=0  OR_gate=0  ensemble=0
[ML] Cycle — IF_score=0.1776  IF_anom=0  LSTM_err=0.002801  LSTM_anom=0  OR_gate=0  ensemble=0
Drift cycle error: local variable '_drift_confirm_count' referenced before assignment
[ML] Cycle — IF_score=-0.0337  IF_anom=0  LSTM_err=0.167987  LSTM_anom=0  OR_gate=0  ensemble=0
!!! REPLAY ATTACK DETECTED !!! Replay detected [fp_match]: 341 samples mean=127.9 PSI stdev=13.7595 baseline_dev=12.7% fp_match=True lstm_err=0.002972 post_attack=False
Drift cycle error: local variable '_drift_confirm_count' referenced before assignment
[ML] Cycle — IF_score=0.1778  IF_anom=0  LSTM_err=0.099961  LSTM_anom=0  OR_gate=0  ensemble=0
Drift cycle error: local variable '_drift_confirm_count' referenced before assignment
[ML] Cycle — IF_score=0.1615  IF_anom=0  LSTM_err=0.001936  LSTM_anom=0  OR_gate=0  ensemble=0
Drift cycle error: local variable '_drift_confirm_count' referenced before assignment
[ML] Cycle — IF_score=0.1703  IF_anom=0  LSTM_err=0.002854  LSTM_anom=0  OR_gate=0  ensemble=0
Drift cycle error: local variable '_drift_confirm_count' referenced before assignment
[ML] Cycle — IF_score=0.1383  IF_anom=0  LSTM_err=0.002565  LSTM_anom=0  OR_gate=0  ensemble=0
Drift cycle error: local variable '_drift_confirm_count' referenced before assignment
[ML] Cycle — IF_score=0.1678  IF_anom=0  LSTM_err=0.001776  LSTM_anom=0  OR_gate=0  ensemble=0
[ML] Cycle — IF_score=0.1708  IF_anom=0  LSTM_err=0.002123  LSTM_anom=0  OR_gate=0  ensemble=0
[ML] Cycle — IF_score=0.0649  IF_anom=0  LSTM_err=0.006132  LSTM_anom=0  OR_gate=0  ensemble=0
[ML] Cycle — IF_score=0.0909  IF_anom=0  LSTM_err=0.002287  LSTM_anom=0  OR_gate=0  ensemble=0
[ML] Cycle — IF_score=0.1883  IF_anom=0  LSTM_err=0.003198  LSTM_anom=0  OR_gate=0  ensemble=0
[ML] Cycle — IF_score=0.0297  IF_anom=0  LSTM_err=0.003093  LSTM_anom=0  OR_gate=0  ensemble=0
[ML] Cycle — IF_score=0.1560  IF_anom=0  LSTM_err=0.007678  LSTM_anom=0  OR_gate=0  ensemble=0
[ML] Cycle — IF_score=0.1696  IF_anom=0  LSTM_err=0.003222  LSTM_anom=0  OR_gate=0  ensemble=0
[ML] Cycle — IF_score=0.1926  IF_anom=0  LSTM_err=0.002906  LSTM_anom=0  OR_gate=0  ensemble=0
[ML] Cycle — IF_score=0.2014  IF_anom=0  LSTM_err=0.002750  LSTM_anom=0  OR_gate=0  ensemble=0
[ML] Cycle — IF_score=0.0777  IF_anom=0  LSTM_err=0.000949  LSTM_anom=0  OR_gate=0  ensemble=0
[ML] Cycle — IF_score=0.0951  IF_anom=0  LSTM_err=0.003574  LSTM_anom=0  OR_gate=0  ensemble=0
[ML] Cycle — IF_score=0.0869  IF_anom=0  LSTM_err=0.002276  LSTM_anom=0  OR_gate=0  ensemble=0
[ML] Cycle — IF_score=0.2013  IF_anom=0  LSTM_err=0.007567  LSTM_anom=0  OR_gate=0  ensemble=0
[ML] Cycle — IF_score=0.1380  IF_anom=0  LSTM_err=0.002406  LSTM_anom=0  OR_gate=0  ensemble=0
[ML] Cycle — IF_score=0.0856  IF_anom=0  LSTM_err=0.002118  LSTM_anom=0  OR_gate=0  ensemble=0
!!! SEMANTIC INJECTION DETECTED !!! Reg=100 Val=345
Drift cycle error: local variable '_drift_confirm_count' referenced before assignment
!!! STEALTH_DRIFT !!! pressure_mean_dev=59.40 PSI
!!! OVER_PRESSURE !!! pressure=345.0 PSI (beyond physical engine maximum)
[ML] Cycle — IF_score=0.0318  IF_anom=0  LSTM_err=0.092312  LSTM_anom=0  OR_gate=0  ensemble=1
Drift cycle error: local variable '_drift_confirm_count' referenced before assignment
!!! OVER_PRESSURE !!! pressure=345.0 PSI (beyond physical engine maximum)
[ML] Cycle — IF_score=0.1092  IF_anom=0  LSTM_err=0.008661  LSTM_anom=0  OR_gate=0  ensemble=1
!!! REPLAY ATTACK DETECTED !!! Replay detected [fp_match]: 117 samples mean=268.8 PSI stdev=96.7422 baseline_dev=78.9% fp_match=True lstm_err=0.002972 post_attack=True
Drift cycle error: local variable '_drift_confirm_count' referenced before assignment
!!! OVER_PRESSURE !!! pressure=345.0 PSI (beyond physical engine maximum)
[ML] Cycle — IF_score=0.1853  IF_anom=0  LSTM_err=0.001858  LSTM_anom=0  OR_gate=0  ensemble=1
Drift cycle error: local variable '_drift_confirm_count' referenced before assignment
!!! OVER_PRESSURE !!! pressure=345.0 PSI (beyond physical engine maximum)
[ML] Cycle — IF_score=0.0197  IF_anom=0  LSTM_err=0.002560  LSTM_anom=0  OR_gate=0  ensemble=1
Drift cycle error: local variable '_drift_confirm_count' referenced before assignment
!!! OVER_PRESSURE !!! pressure=345.0 PSI (beyond physical engine maximum)
[ML] Cycle — IF_score=0.1769  IF_anom=0  LSTM_err=0.002744  LSTM_anom=0  OR_gate=0  ensemble=1
Drift cycle error: local variable '_drift_confirm_count' referenced before assignment
!!! OVER_PRESSURE !!! pressure=345.0 PSI (beyond physical engine maximum)
[ML] Cycle — IF_score=0.1369  IF_anom=0  LSTM_err=0.003379  LSTM_anom=0  OR_gate=0  ensemble=1
Drift cycle error: local variable '_drift_confirm_count' referenced before assignment
!!! OVER_PRESSURE !!! pressure=345.0 PSI (beyond physical engine maximum)
[ML] Cycle — IF_score=0.1349  IF_anom=0  LSTM_err=0.003237  LSTM_anom=0  OR_gate=0  ensemble=1
Drift cycle error: local variable '_drift_confirm_count' referenced before assignment
!!! OVER_PRESSURE !!! pressure=345.0 PSI (beyond physical engine maximum)
[ML] Cycle — IF_score=0.0858  IF_anom=0  LSTM_err=0.022243  LSTM_anom=0  OR_gate=0  ensemble=1
Drift cycle error: local variable '_drift_confirm_count' referenced before assignment
!!! OVER_PRESSURE !!! pressure=345.0 PSI (beyond physical engine maximum)
[ML] Cycle — IF_score=0.1092  IF_anom=0  LSTM_err=0.002498  LSTM_anom=0  OR_gate=0  ensemble=1
Drift cycle error: local variable '_drift_confirm_count' referenced before assignment
!!! OVER_PRESSURE !!! pressure=345.0 PSI (beyond physical engine maximum)
[ML] Cycle — IF_score=0.1832  IF_anom=0  LSTM_err=0.000410  LSTM_anom=0  OR_gate=0  ensemble=1
!!! REPLAY ATTACK DETECTED !!! Replay detected [zero_varfp_match]: 117 samples mean=345.0 PSI stdev=0.0000 baseline_dev=95.2% fp_match=True lstm_err=0.003412 post_attack=True
Drift cycle error: local variable '_drift_confirm_count' referenced before assignment
!!! OVER_PRESSURE !!! pressure=345.0 PSI (beyond physical engine maximum)
[ML] Cycle — IF_score=0.2048  IF_anom=0  LSTM_err=0.003870  LSTM_anom=0  OR_gate=0  ensemble=1
Drift cycle error: local variable '_drift_confirm_count' referenced before assignment
!!! OVER_PRESSURE !!! pressure=345.0 PSI (beyond physical engine maximum)
[ML] Cycle — IF_score=0.1556  IF_anom=0  LSTM_err=0.004410  LSTM_anom=0  OR_gate=0  ensemble=1
Drift cycle error: local variable '_drift_confirm_count' referenced before assignment
!!! OVER_PRESSURE !!! pressure=345.0 PSI (beyond physical engine maximum)
[ML] Cycle — IF_score=0.1796  IF_anom=0  LSTM_err=0.002394  LSTM_anom=0  OR_gate=0  ensemble=1
Drift cycle error: local variable '_drift_confirm_count' referenced before assignment
!!! OVER_PRESSURE !!! pressure=345.0 PSI (beyond physical engine maximum)
[ML] Cycle — IF_score=0.1564  IF_anom=0  LSTM_err=0.002985  LSTM_anom=0  OR_gate=0  ensemble=1
Drift cycle error: local variable '_drift_confirm_count' referenced before assignment
!!! OVER_PRESSURE !!! pressure=345.0 PSI (beyond physical engine maximum)
[ML] Cycle — IF_score=0.2045  IF_anom=0  LSTM_err=0.002644  LSTM_anom=0  OR_gate=0  ensemble=1
Drift cycle error: local variable '_drift_confirm_count' referenced before assignment
!!! OVER_PRESSURE !!! pressure=345.0 PSI (beyond physical engine maximum)
[ML] Cycle — IF_score=0.1640  IF_anom=0  LSTM_err=0.002445  LSTM_anom=0  OR_gate=0  ensemble=1
Drift cycle error: local variable '_drift_confirm_count' referenced before assignment
!!! OVER_PRESSURE !!! pressure=345.0 PSI (beyond physical engine maximum)
[ML] Cycle — IF_score=0.1998  IF_anom=0  LSTM_err=0.002737  LSTM_anom=0  OR_gate=0  ensemble=1
Drift cycle error: local variable '_drift_confirm_count' referenced before assignment
!!! OVER_PRESSURE !!! pressure=345.0 PSI (beyond physical engine maximum)
[ML] Cycle — IF_score=0.1287  IF_anom=0  LSTM_err=0.001910  LSTM_anom=0  OR_gate=0  ensemble=1
!!! REPLAY ATTACK DETECTED !!! Replay detected [zero_varfp_match]: 116 samples mean=345.0 PSI stdev=0.0000 baseline_dev=69.9% fp_match=True lstm_err=0.003412 post_attack=True
Drift cycle error: local variable '_drift_confirm_count' referenced before assignment
!!! OVER_PRESSURE !!! pressure=345.0 PSI (beyond physical engine maximum)
[ML] Cycle — IF_score=0.1066  IF_anom=0  LSTM_err=0.003102  LSTM_anom=0  OR_gate=0  ensemble=1
Drift cycle error: local variable '_drift_confirm_count' referenced before assignment
!!! OVER_PRESSURE !!! pressure=345.0 PSI (beyond physical engine maximum)
[ML] Cycle — IF_score=0.1948  IF_anom=0  LSTM_err=0.002002  LSTM_anom=0  OR_gate=0  ensemble=1
Drift cycle error: local variable '_drift_confirm_count' referenced before assignment
!!! OVER_PRESSURE !!! pressure=345.0 PSI (beyond physical engine maximum)
[ML] Cycle — IF_score=0.0986  IF_anom=0  LSTM_err=0.005800  LSTM_anom=0  OR_gate=0  ensemble=1
Drift cycle error: local variable '_drift_confirm_count' referenced before assignment
!!! OVER_PRESSURE !!! pressure=345.0 PSI (beyond physical engine maximum)
[ML] Cycle — IF_score=0.0776  IF_anom=0  LSTM_err=0.002889  LSTM_anom=0  OR_gate=0  ensemble=1
Drift cycle error: local variable '_drift_confirm_count' referenced before assignment
!!! OVER_PRESSURE !!! pressure=345.0 PSI (beyond physical engine maximum)
[ML] Cycle — IF_score=0.1627  IF_anom=0  LSTM_err=0.002320  LSTM_anom=0  OR_gate=0  ensemble=1
Drift cycle error: local variable '_drift_confirm_count' referenced before assignment
!!! CROSS_LAYER_ANOMALY !!! pressure_delta=-215.00 PSI with no write commands
!!! STEALTH_DRIFT !!! pressure_mean_dev=-43.00 PSI
[ML] Cycle — IF_score=-0.0657  IF_anom=0  LSTM_err=0.149426  LSTM_anom=0  OR_gate=0  ensemble=1
Drift cycle error: local variable '_drift_confirm_count' referenced before assignment
!!! STEALTH_DRIFT !!! pressure_mean_dev=-43.00 PSI
[ML] Cycle — IF_score=-0.0337  IF_anom=0  LSTM_err=0.152378  LSTM_anom=0  OR_gate=0  ensemble=1
Drift cycle error: local variable '_drift_confirm_count' referenced before assignment
!!! CROSS_LAYER_ANOMALY !!! pressure_delta=-215.00 PSI with no write commands
!!! STEALTH_DRIFT !!! pressure_mean_dev=-43.00 PSI
[ML] Cycle — IF_score=-0.0657  IF_anom=0  LSTM_err=0.145370  LSTM_anom=0  OR_gate=0  ensemble=1
Drift cycle error: local variable '_drift_confirm_count' referenced before assignment
!!! OVER_PRESSURE !!! pressure=345.0 PSI (beyond physical engine maximum)
[ML] Cycle — IF_score=0.1580  IF_anom=0  LSTM_err=0.001726  LSTM_anom=0  OR_gate=0  ensemble=1
!!! REPLAY ATTACK DETECTED !!! Replay detected [fp_match]: 332 samples mean=205.8 PSI stdev=102.8650 baseline_dev=11.6% fp_match=True lstm_err=0.002972 post_attack=True
Drift cycle error: local variable '_drift_confirm_count' referenced before assignment
!!! OVER_PRESSURE !!! pressure=345.0 PSI (beyond physical engine maximum)
[ML] Cycle — IF_score=0.1562  IF_anom=0  LSTM_err=0.003230  LSTM_anom=0  OR_gate=0  ensemble=1
Drift cycle error: local variable '_drift_confirm_count' referenced before assignment
!!! OVER_PRESSURE !!! pressure=345.0 PSI (beyond physical engine maximum)
[ML] Cycle — IF_score=0.1899  IF_anom=0  LSTM_err=0.001725  LSTM_anom=0  OR_gate=0  ensemble=1
Drift cycle error: local variable '_drift_confirm_count' referenced before assignment
!!! OVER_PRESSURE !!! pressure=345.0 PSI (beyond physical engine maximum)
[ML] Cycle — IF_score=0.0643  IF_anom=0  LSTM_err=0.002354  LSTM_anom=0  OR_gate=0  ensemble=1
Drift cycle error: local variable '_drift_confirm_count' referenced before assignment
!!! OVER_PRESSURE !!! pressure=345.0 PSI (beyond physical engine maximum)
[ML] Cycle — IF_score=0.1518  IF_anom=0  LSTM_err=0.004839  LSTM_anom=0  OR_gate=0  ensemble=1
Drift cycle error: local variable '_drift_confirm_count' referenced before assignment
!!! OVER_PRESSURE !!! pressure=345.0 PSI (beyond physical engine maximum)
[ML] Cycle — IF_score=0.1618  IF_anom=0  LSTM_err=0.003011  LSTM_anom=0  OR_gate=0  ensemble=1
Drift cycle error: local variable '_drift_confirm_count' referenced before assignment
!!! OVER_PRESSURE !!! pressure=345.0 PSI (beyond physical engine maximum)
[ML] Cycle — IF_score=0.0609  IF_anom=0  LSTM_err=0.003494  LSTM_anom=0  OR_gate=0  ensemble=1
Drift cycle error: local variable '_drift_confirm_count' referenced before assignment
!!! OVER_PRESSURE !!! pressure=345.0 PSI (beyond physical engine maximum)
[ML] Cycle — IF_score=0.1894  IF_anom=0  LSTM_err=0.002620  LSTM_anom=0  OR_gate=0  ensemble=1
Drift cycle error: local variable '_drift_confirm_count' referenced before assignment
!!! OVER_PRESSURE !!! pressure=345.0 PSI (beyond physical engine maximum)
[ML] Cycle — IF_score=0.0341  IF_anom=0  LSTM_err=0.001707  LSTM_anom=0  OR_gate=0  ensemble=1
!!! REPLAY ATTACK DETECTED !!! Replay detected [zero_varfp_match]: 116 samples mean=345.0 PSI stdev=0.0000 baseline_dev=26.7% fp_match=True lstm_err=0.003412 post_attack=True
Drift cycle error: local variable '_drift_confirm_count' referenced before assignment
!!! OVER_PRESSURE !!! pressure=345.0 PSI (beyond physical engine maximum)
[ML] Cycle — IF_score=0.0937  IF_anom=0  LSTM_err=0.002006  LSTM_anom=0  OR_gate=0  ensemble=1
!!! OVER_PRESSURE !!! pressure=345.0 PSI (beyond physical engine maximum)
[ML] Cycle — IF_score=0.1746  IF_anom=0  LSTM_err=0.003141  LSTM_anom=0  OR_gate=0  ensemble=1
!!! OVER_PRESSURE !!! pressure=345.0 PSI (beyond physical engine maximum)
[ML] Cycle — IF_score=0.1042  IF_anom=0  LSTM_err=0.004658  LSTM_anom=0  OR_gate=0  ensemble=1
!!! OVER_PRESSURE !!! pressure=345.0 PSI (beyond physical engine maximum)
[ML] Cycle — IF_score=0.2012  IF_anom=0  LSTM_err=0.003001  LSTM_anom=0  OR_gate=0  ensemble=1
!!! OVER_PRESSURE !!! pressure=345.0 PSI (beyond physical engine maximum)
[ML] Cycle — IF_score=0.0618  IF_anom=0  LSTM_err=0.009286  LSTM_anom=0  OR_gate=0  ensemble=1
!!! OVER_PRESSURE !!! pressure=345.0 PSI (beyond physical engine maximum)
[ML] Cycle — IF_score=0.1890  IF_anom=0  LSTM_err=0.011924  LSTM_anom=0  OR_gate=0  ensemble=1
!!! OVER_PRESSURE !!! pressure=345.0 PSI (beyond physical engine maximum)
[ML] Cycle — IF_score=0.1240  IF_anom=0  LSTM_err=0.002149  LSTM_anom=0  OR_gate=0  ensemble=1
!!! OVER_PRESSURE !!! pressure=345.0 PSI (beyond physical engine maximum)
[ML] Cycle — IF_score=0.0848  IF_anom=0  LSTM_err=0.001604  LSTM_anom=0  OR_gate=0  ensemble=1
!!! OVER_PRESSURE !!! pressure=345.0 PSI (beyond physical engine maximum)
[ML] Cycle — IF_score=0.1187  IF_anom=0  LSTM_err=0.002140  LSTM_anom=0  OR_gate=0  ensemble=1
!!! OVER_PRESSURE !!! pressure=345.0 PSI (beyond physical engine maximum)
[ML] Cycle — IF_score=0.1128  IF_anom=0  LSTM_err=0.001419  LSTM_anom=0  OR_gate=0  ensemble=1
!!! OVER_PRESSURE !!! pressure=345.0 PSI (beyond physical engine maximum)
[ML] Cycle — IF_score=0.1854  IF_anom=0  LSTM_err=0.001311  LSTM_anom=0  OR_gate=0  ensemble=1
!!! OVER_PRESSURE !!! pressure=345.0 PSI (beyond physical engine maximum)
[ML] Cycle — IF_score=0.1703  IF_anom=0  LSTM_err=0.003259  LSTM_anom=0  OR_gate=0  ensemble=1
Drift cycle error: local variable '_drift_confirm_count' referenced before assignment
!!! STEALTH_DRIFT !!! pressure_mean_dev=-69.00 PSI
[ML] Cycle — IF_score=-0.0337  IF_anom=0  LSTM_err=0.135652  LSTM_anom=0  OR_gate=0  ensemble=1
!!! REPLAY ATTACK DETECTED !!! Replay detected [fp_match]: 244 samples mean=224.3 PSI stdev=115.0969 baseline_dev=34.2% fp_match=True lstm_err=0.002972 post_attack=False
Drift cycle error: local variable '_drift_confirm_count' referenced before assignment
!!! CROSS_LAYER_ANOMALY !!! pressure_delta=-230.00 PSI with no write commands
!!! STEALTH_DRIFT !!! pressure_mean_dev=-69.00 PSI
[ML] Cycle — IF_score=-0.0657  IF_anom=0  LSTM_err=0.166619  LSTM_anom=0  OR_gate=0  ensemble=1
Drift cycle error: local variable '_drift_confirm_count' referenced before assignment
!!! STEALTH_DRIFT !!! pressure_mean_dev=92.00 PSI
!!! OVER_PRESSURE !!! pressure=345.0 PSI (beyond physical engine maximum)
[ML] Cycle — IF_score=0.0414  IF_anom=0  LSTM_err=0.119585  LSTM_anom=0  OR_gate=0  ensemble=1
Drift cycle error: local variable '_drift_confirm_count' referenced before assignment
!!! OVER_PRESSURE !!! pressure=345.0 PSI (beyond physical engine maximum)
[ML] Cycle — IF_score=0.0759  IF_anom=0  LSTM_err=0.002330  LSTM_anom=0  OR_gate=0  ensemble=1
Drift cycle error: local variable '_drift_confirm_count' referenced before assignment
!!! OVER_PRESSURE !!! pressure=345.0 PSI (beyond physical engine maximum)
[ML] Cycle — IF_score=0.0519  IF_anom=0  LSTM_err=0.001860  LSTM_anom=0  OR_gate=0  ensemble=1
Drift cycle error: local variable '_drift_confirm_count' referenced before assignment
!!! OVER_PRESSURE !!! pressure=345.0 PSI (beyond physical engine maximum)
[ML] Cycle — IF_score=0.1954  IF_anom=0  LSTM_err=0.006048  LSTM_anom=0  OR_gate=0  ensemble=1
Drift cycle error: local variable '_drift_confirm_count' referenced before assignment
!!! OVER_PRESSURE !!! pressure=345.0 PSI (beyond physical engine maximum)
[ML] Cycle — IF_score=0.1826  IF_anom=0  LSTM_err=0.003089  LSTM_anom=0  OR_gate=0  ensemble=1
Drift cycle error: local variable '_drift_confirm_count' referenced before assignment
!!! OVER_PRESSURE !!! pressure=345.0 PSI (beyond physical engine maximum)
[ML] Cycle — IF_score=0.1516  IF_anom=0  LSTM_err=0.003129  LSTM_anom=0  OR_gate=0  ensemble=1
Drift cycle error: local variable '_drift_confirm_count' referenced before assignment
!!! OVER_PRESSURE !!! pressure=345.0 PSI (beyond physical engine maximum)
[ML] Cycle — IF_score=0.1611  IF_anom=0  LSTM_err=0.002119  LSTM_anom=0  OR_gate=0  ensemble=1
Drift cycle error: local variable '_drift_confirm_count' referenced before assignment
!!! OVER_PRESSURE !!! pressure=345.0 PSI (beyond physical engine maximum)
[ML] Cycle — IF_score=0.1978  IF_anom=0  LSTM_err=0.001956  LSTM_anom=0  OR_gate=0  ensemble=1
Drift cycle error: local variable '_drift_confirm_count' referenced before assignment
!!! OVER_PRESSURE !!! pressure=345.0 PSI (beyond physical engine maximum)
[ML] Cycle — IF_score=0.2018  IF_anom=0  LSTM_err=0.001662  LSTM_anom=0  OR_gate=0  ensemble=1
Drift cycle error: local variable '_drift_confirm_count' referenced before assignment
!!! OVER_PRESSURE !!! pressure=345.0 PSI (beyond physical engine maximum)
[ML] Cycle — IF_score=0.2025  IF_anom=0  LSTM_err=0.001394  LSTM_anom=0  OR_gate=0  ensemble=1
Drift cycle error: local variable '_drift_confirm_count' referenced before assignment
!!! OVER_PRESSURE !!! pressure=345.0 PSI (beyond physical engine maximum)
[ML] Cycle — IF_score=0.1948  IF_anom=0  LSTM_err=0.002540  LSTM_anom=0  OR_gate=0  ensemble=1
Drift cycle error: local variable '_drift_confirm_count' referenced before assignment
!!! OVER_PRESSURE !!! pressure=345.0 PSI (beyond physical engine maximum)
[ML] Cycle — IF_score=0.1890  IF_anom=0  LSTM_err=0.004110  LSTM_anom=0  OR_gate=0  ensemble=1
Drift cycle error: local variable '_drift_confirm_count' referenced before assignment
!!! OVER_PRESSURE !!! pressure=345.0 PSI (beyond physical engine maximum)
[ML] Cycle — IF_score=0.1957  IF_anom=0  LSTM_err=0.003010  LSTM_anom=0  OR_gate=0  ensemble=1
Drift cycle error: local variable '_drift_confirm_count' referenced before assignment
!!! OVER_PRESSURE !!! pressure=345.0 PSI (beyond physical engine maximum)
[ML] Cycle — IF_score=0.0251  IF_anom=0  LSTM_err=0.003434  LSTM_anom=0  OR_gate=0  ensemble=1
Drift cycle error: local variable '_drift_confirm_count' referenced before assignment
!!! OVER_PRESSURE !!! pressure=345.0 PSI (beyond physical engine maximum)
[ML] Cycle — IF_score=0.1643  IF_anom=0  LSTM_err=0.002854  LSTM_anom=0  OR_gate=0  ensemble=1
Drift cycle error: local variable '_drift_confirm_count' referenced before assignment
!!! OVER_PRESSURE !!! pressure=345.0 PSI (beyond physical engine maximum)
[ML] Cycle — IF_score=0.1502  IF_anom=0  LSTM_err=0.002293  LSTM_anom=0  OR_gate=0  ensemble=1
Drift cycle error: local variable '_drift_confirm_count' referenced before assignment
!!! OVER_PRESSURE !!! pressure=345.0 PSI (beyond physical engine maximum)
[ML] Cycle — IF_score=0.1253  IF_anom=0  LSTM_err=0.002054  LSTM_anom=0  OR_gate=0  ensemble=1
Drift cycle error: local variable '_drift_confirm_count' referenced before assignment
!!! OVER_PRESSURE !!! pressure=345.0 PSI (beyond physical engine maximum)
[ML] Cycle — IF_score=0.1586  IF_anom=0  LSTM_err=0.002889  LSTM_anom=0  OR_gate=0  ensemble=1
!!! OVER_PRESSURE !!! pressure=345.0 PSI (beyond physical engine maximum)
[ML] Cycle — IF_score=0.2044  IF_anom=0  LSTM_err=0.002901  LSTM_anom=0  OR_gate=0  ensemble=1
!!! OVER_PRESSURE !!! pressure=345.0 PSI (beyond physical engine maximum)
[ML] Cycle — IF_score=0.1651  IF_anom=0  LSTM_err=0.003179  LSTM_anom=0  OR_gate=0  ensemble=1
!!! OVER_PRESSURE !!! pressure=345.0 PSI (beyond physical engine maximum)
[ML] Cycle — IF_score=0.2067  IF_anom=0  LSTM_err=0.002052  LSTM_anom=0  OR_gate=0  ensemble=1
!!! OVER_PRESSURE !!! pressure=345.0 PSI (beyond physical engine maximum)
[ML] Cycle — IF_score=0.1744  IF_anom=0  LSTM_err=0.000413  LSTM_anom=0  OR_gate=0  ensemble=1
!!! OVER_PRESSURE !!! pressure=345.0 PSI (beyond physical engine maximum)
[ML] Cycle — IF_score=0.1868  IF_anom=0  LSTM_err=0.003090  LSTM_anom=0  OR_gate=0  ensemble=1
!!! OVER_PRESSURE !!! pressure=345.0 PSI (beyond physical engine maximum)
[ML] Cycle — IF_score=0.2017  IF_anom=0  LSTM_err=0.002558  LSTM_anom=0  OR_gate=0  ensemble=1
!!! OVER_PRESSURE !!! pressure=345.0 PSI (beyond physical engine maximum)
[ML] Cycle — IF_score=0.1213  IF_anom=0  LSTM_err=0.002185  LSTM_anom=0  OR_gate=0  ensemble=1
!!! OVER_PRESSURE !!! pressure=345.0 PSI (beyond physical engine maximum)
[ML] Cycle — IF_score=0.1007  IF_anom=0  LSTM_err=0.002008  LSTM_anom=0  OR_gate=0  ensemble=1
!!! REPLAY ATTACK DETECTED !!! Replay detected [fp_match]: 215 samples mean=241.5 PSI stdev=113.3198 baseline_dev=30.0% fp_match=True lstm_err=0.002972 post_attack=False
Drift cycle error: local variable '_drift_confirm_count' referenced before assignment
!!! CROSS_LAYER_ANOMALY !!! pressure_delta=-227.00 PSI with no write commands
!!! STEALTH_DRIFT !!! pressure_mean_dev=-45.40 PSI
[ML] Cycle — IF_score=-0.0657  IF_anom=0  LSTM_err=0.162613  LSTM_anom=0  OR_gate=0  ensemble=1
Drift cycle error: local variable '_drift_confirm_count' referenced before assignment
!!! STEALTH_DRIFT !!! pressure_mean_dev=-45.40 PSI
[ML] Cycle — IF_score=-0.0337  IF_anom=0  LSTM_err=0.179493  LSTM_anom=0  OR_gate=0  ensemble=1
Drift cycle error: local variable '_drift_confirm_count' referenced before assignment
!!! OVER_PRESSURE !!! pressure=345.0 PSI (beyond physical engine maximum)
[ML] Cycle — IF_score=0.1450  IF_anom=0  LSTM_err=0.003594  LSTM_anom=0  OR_gate=0  ensemble=1
Drift cycle error: local variable '_drift_confirm_count' referenced before assignment
!!! OVER_PRESSURE !!! pressure=345.0 PSI (beyond physical engine maximum)
[ML] Cycle — IF_score=0.1801  IF_anom=0  LSTM_err=0.002204  LSTM_anom=0  OR_gate=0  ensemble=1
Drift cycle error: local variable '_drift_confirm_count' referenced before assignment
!!! OVER_PRESSURE !!! pressure=345.0 PSI (beyond physical engine maximum)
[ML] Cycle — IF_score=0.1924  IF_anom=0  LSTM_err=0.001417  LSTM_anom=0  OR_gate=0  ensemble=1
Drift cycle error: local variable '_drift_confirm_count' referenced before assignment
!!! OVER_PRESSURE !!! pressure=345.0 PSI (beyond physical engine maximum)
[ML] Cycle — IF_score=0.1524  IF_anom=0  LSTM_err=0.000414  LSTM_anom=0  OR_gate=0  ensemble=1
Drift cycle error: local variable '_drift_confirm_count' referenced before assignment
!!! OVER_PRESSURE !!! pressure=345.0 PSI (beyond physical engine maximum)
[ML] Cycle — IF_score=0.1862  IF_anom=0  LSTM_err=0.002794  LSTM_anom=0  OR_gate=0  ensemble=1
Drift cycle error: local variable '_drift_confirm_count' referenced before assignment
!!! OVER_PRESSURE !!! pressure=345.0 PSI (beyond physical engine maximum)
[ML] Cycle — IF_score=0.1774  IF_anom=0  LSTM_err=0.001570  LSTM_anom=0  OR_gate=0  ensemble=1
Drift cycle error: local variable '_drift_confirm_count' referenced before assignment
!!! OVER_PRESSURE !!! pressure=345.0 PSI (beyond physical engine maximum)
[ML] Cycle — IF_score=0.1747  IF_anom=0  LSTM_err=0.002559  LSTM_anom=0  OR_gate=0  ensemble=1
Drift cycle error: local variable '_drift_confirm_count' referenced before assignment
!!! OVER_PRESSURE !!! pressure=345.0 PSI (beyond physical engine maximum)
[ML] Cycle — IF_score=0.1392  IF_anom=0  LSTM_err=0.001415  LSTM_anom=0  OR_gate=0  ensemble=1
Drift cycle error: local variable '_drift_confirm_count' referenced before assignment
!!! OVER_PRESSURE !!! pressure=345.0 PSI (beyond physical engine maximum)
[ML] Cycle — IF_score=0.1786  IF_anom=0  LSTM_err=0.001602  LSTM_anom=0  OR_gate=0  ensemble=1
Drift cycle error: local variable '_drift_confirm_count' referenced before assignment
!!! OVER_PRESSURE !!! pressure=345.0 PSI (beyond physical engine maximum)
[ML] Cycle — IF_score=0.1770  IF_anom=0  LSTM_err=0.002926  LSTM_anom=0  OR_gate=0  ensemble=1
Drift cycle error: local variable '_drift_confirm_count' referenced before assignment
!!! OVER_PRESSURE !!! pressure=345.0 PSI (beyond physical engine maximum)
[ML] Cycle — IF_score=0.1625  IF_anom=0  LSTM_err=0.000968  LSTM_anom=0  OR_gate=0  ensemble=1
Drift cycle error: local variable '_drift_confirm_count' referenced before assignment
!!! OVER_PRESSURE !!! pressure=345.0 PSI (beyond physical engine maximum)
[ML] Cycle — IF_score=0.2063  IF_anom=0  LSTM_err=0.002791  LSTM_anom=0  OR_gate=0  ensemble=1
Drift cycle error: local variable '_drift_confirm_count' referenced before assignment
!!! OVER_PRESSURE !!! pressure=345.0 PSI (beyond physical engine maximum)
[ML] Cycle — IF_score=0.1905  IF_anom=0  LSTM_err=0.001919  LSTM_anom=0  OR_gate=0  ensemble=1
Drift cycle error: local variable '_drift_confirm_count' referenced before assignment
!!! OVER_PRESSURE !!! pressure=345.0 PSI (beyond physical engine maximum)
[ML] Cycle — IF_score=0.2027  IF_anom=0  LSTM_err=0.002095  LSTM_anom=0  OR_gate=0  ensemble=1
Drift cycle error: local variable '_drift_confirm_count' referenced before assignment
!!! OVER_PRESSURE !!! pressure=345.0 PSI (beyond physical engine maximum)
[ML] Cycle — IF_score=0.1595  IF_anom=0  LSTM_err=0.001324  LSTM_anom=0  OR_gate=0  ensemble=1
Drift cycle error: local variable '_drift_confirm_count' referenced before assignment
!!! OVER_PRESSURE !!! pressure=345.0 PSI (beyond physical engine maximum)
[ML] Cycle — IF_score=0.2035  IF_anom=0  LSTM_err=0.003221  LSTM_anom=0  OR_gate=0  ensemble=1
Drift cycle error: local variable '_drift_confirm_count' referenced before assignment
!!! OVER_PRESSURE !!! pressure=345.0 PSI (beyond physical engine maximum)
[ML] Cycle — IF_score=0.0647  IF_anom=0  LSTM_err=0.003247  LSTM_anom=0  OR_gate=0  ensemble=1
Drift cycle error: local variable '_drift_confirm_count' referenced before assignment
!!! OVER_PRESSURE !!! pressure=345.0 PSI (beyond physical engine maximum)
[ML] Cycle — IF_score=0.1827  IF_anom=0  LSTM_err=0.004208  LSTM_anom=0  OR_gate=0  ensemble=1
!!! OVER_PRESSURE !!! pressure=345.0 PSI (beyond physical engine maximum)
[ML] Cycle — IF_score=0.0653  IF_anom=0  LSTM_err=0.002560  LSTM_anom=0  OR_gate=0  ensemble=1
!!! OVER_PRESSURE !!! pressure=345.0 PSI (beyond physical engine maximum)
[ML] Cycle — IF_score=0.1727  IF_anom=0  LSTM_err=0.002491  LSTM_anom=0  OR_gate=0  ensemble=1
!!! OVER_PRESSURE !!! pressure=345.0 PSI (beyond physical engine maximum)
[ML] Cycle — IF_score=0.0764  IF_anom=0  LSTM_err=0.003760  LSTM_anom=0  OR_gate=0  ensemble=1
!!! OVER_PRESSURE !!! pressure=345.0 PSI (beyond physical engine maximum)
[ML] Cycle — IF_score=0.1197  IF_anom=0  LSTM_err=0.002252  LSTM_anom=0  OR_gate=0  ensemble=1
!!! SEMANTIC INJECTION DETECTED !!! Reg=100 Val=360
!!! SEMANTIC INJECTION DETECTED !!! Reg=100 Val=355
!!! SEMANTIC INJECTION DETECTED !!! Reg=100 Val=350
Drift cycle error: local variable '_drift_confirm_count' referenced before assignment
!!! OVER_PRESSURE !!! pressure=360.0 PSI (beyond physical engine maximum)
[ML] Cycle — IF_score=0.0868  IF_anom=0  LSTM_err=0.165564  LSTM_anom=0  OR_gate=0  ensemble=1
!!! SEMANTIC INJECTION DETECTED !!! Reg=100 Val=380
!!! SEMANTIC INJECTION DETECTED !!! Reg=100 Val=375
!!! SEMANTIC INJECTION DETECTED !!! Reg=100 Val=370
!!! SEMANTIC INJECTION DETECTED !!! Reg=100 Val=365
Drift cycle error: local variable '_drift_confirm_count' referenced before assignment
!!! OVER_PRESSURE !!! pressure=380.0 PSI (beyond physical engine maximum)
[ML] Cycle — IF_score=-0.0699  IF_anom=0  LSTM_err=0.116070  LSTM_anom=0  OR_gate=0  ensemble=1
!!! SEMANTIC INJECTION DETECTED !!! Reg=100 Val=395
!!! SEMANTIC INJECTION DETECTED !!! Reg=100 Val=390
!!! SEMANTIC INJECTION DETECTED !!! Reg=100 Val=385
!!! REPLAY ATTACK DETECTED !!! Replay detected [lstm]: 126 samples mean=366.2 PSI stdev=16.1670 baseline_dev=5.9% fp_match=False lstm_err=0.138427 post_attack=True
Drift cycle error: local variable '_drift_confirm_count' referenced before assignment
!!! OVER_PRESSURE !!! pressure=395.0 PSI (beyond physical engine maximum)
[ML] Cycle — IF_score=0.0608  IF_anom=0  LSTM_err=0.210793  LSTM_anom=0  OR_gate=0  ensemble=1
Drift cycle error: local variable '_drift_confirm_count' referenced before assignment
!!! OVER_PRESSURE !!! pressure=395.0 PSI (beyond physical engine maximum)
[ML] Cycle — IF_score=0.1948  IF_anom=0  LSTM_err=0.002619  LSTM_anom=0  OR_gate=0  ensemble=1
Drift cycle error: local variable '_drift_confirm_count' referenced before assignment
!!! OVER_PRESSURE !!! pressure=395.0 PSI (beyond physical engine maximum)
[ML] Cycle — IF_score=0.1991  IF_anom=0  LSTM_err=0.002374  LSTM_anom=0  OR_gate=0  ensemble=1
Drift cycle error: local variable '_drift_confirm_count' referenced before assignment
!!! OVER_PRESSURE !!! pressure=395.0 PSI (beyond physical engine maximum)
[ML] Cycle — IF_score=0.1235  IF_anom=0  LSTM_err=0.002909  LSTM_anom=0  OR_gate=0  ensemble=1
Drift cycle error: local variable '_drift_confirm_count' referenced before assignment
!!! OVER_PRESSURE !!! pressure=395.0 PSI (beyond physical engine maximum)
[ML] Cycle — IF_score=0.1747  IF_anom=0  LSTM_err=0.002882  LSTM_anom=0  OR_gate=0  ensemble=1
Drift cycle error: local variable '_drift_confirm_count' referenced before assignment
!!! OVER_PRESSURE !!! pressure=395.0 PSI (beyond physical engine maximum)
[ML] Cycle — IF_score=0.1819  IF_anom=0  LSTM_err=0.001379  LSTM_anom=0  OR_gate=0  ensemble=1
Drift cycle error: local variable '_drift_confirm_count' referenced before assignment
!!! OVER_PRESSURE !!! pressure=395.0 PSI (beyond physical engine maximum)
[ML] Cycle — IF_score=0.1475  IF_anom=0  LSTM_err=0.002274  LSTM_anom=0  OR_gate=0  ensemble=1
Drift cycle error: local variable '_drift_confirm_count' referenced before assignment
!!! OVER_PRESSURE !!! pressure=395.0 PSI (beyond physical engine maximum)
[ML] Cycle — IF_score=0.1801  IF_anom=0  LSTM_err=0.002661  LSTM_anom=0  OR_gate=0  ensemble=1
!!! REPLAY ATTACK DETECTED !!! Replay detected [zero_var]: 117 samples mean=395.0 PSI stdev=0.0000 baseline_dev=12.3% fp_match=False lstm_err=0.003412 post_attack=True
Drift cycle error: local variable '_drift_confirm_count' referenced before assignment
!!! OVER_PRESSURE !!! pressure=395.0 PSI (beyond physical engine maximum)
[ML] Cycle — IF_score=0.1477  IF_anom=0  LSTM_err=0.007362  LSTM_anom=0  OR_gate=0  ensemble=1
Drift cycle error: local variable '_drift_confirm_count' referenced before assignment
!!! OVER_PRESSURE !!! pressure=395.0 PSI (beyond physical engine maximum)
[ML] Cycle — IF_score=0.1940  IF_anom=0  LSTM_err=0.005557  LSTM_anom=0  OR_gate=0  ensemble=1
Drift cycle error: local variable '_drift_confirm_count' referenced before assignment
!!! OVER_PRESSURE !!! pressure=395.0 PSI (beyond physical engine maximum)
[ML] Cycle — IF_score=0.1868  IF_anom=0  LSTM_err=0.003346  LSTM_anom=0  OR_gate=0  ensemble=1
Drift cycle error: local variable '_drift_confirm_count' referenced before assignment
!!! OVER_PRESSURE !!! pressure=395.0 PSI (beyond physical engine maximum)
[ML] Cycle — IF_score=0.1986  IF_anom=0  LSTM_err=0.001446  LSTM_anom=0  OR_gate=0  ensemble=1
Drift cycle error: local variable '_drift_confirm_count' referenced before assignment
!!! OVER_PRESSURE !!! pressure=395.0 PSI (beyond physical engine maximum)
[ML] Cycle — IF_score=0.1957  IF_anom=0  LSTM_err=0.003125  LSTM_anom=0  OR_gate=0  ensemble=1
Drift cycle error: local variable '_drift_confirm_count' referenced before assignment
!!! OVER_PRESSURE !!! pressure=395.0 PSI (beyond physical engine maximum)
[ML] Cycle — IF_score=0.1954  IF_anom=0  LSTM_err=0.002558  LSTM_anom=0  OR_gate=0  ensemble=1
Drift cycle error: local variable '_drift_confirm_count' referenced before assignment
!!! OVER_PRESSURE !!! pressure=395.0 PSI (beyond physical engine maximum)
[ML] Cycle — IF_score=0.1415  IF_anom=0  LSTM_err=0.000412  LSTM_anom=0  OR_gate=0  ensemble=1
Drift cycle error: local variable '_drift_confirm_count' referenced before assignment
!!! OVER_PRESSURE !!! pressure=395.0 PSI (beyond physical engine maximum)
[ML] Cycle — IF_score=0.2051  IF_anom=0  LSTM_err=0.002493  LSTM_anom=0  OR_gate=0  ensemble=1
!!! REPLAY ATTACK DETECTED !!! Replay detected [zero_varfp_match]: 116 samples mean=395.0 PSI stdev=0.0000 baseline_dev=10.3% fp_match=True lstm_err=0.003412 post_attack=True
Drift cycle error: local variable '_drift_confirm_count' referenced before assignment
!!! OVER_PRESSURE !!! pressure=395.0 PSI (beyond physical engine maximum)
[ML] Cycle — IF_score=0.1696  IF_anom=0  LSTM_err=0.002012  LSTM_anom=0  OR_gate=0  ensemble=1
Drift cycle error: local variable '_drift_confirm_count' referenced before assignment
!!! OVER_PRESSURE !!! pressure=395.0 PSI (beyond physical engine maximum)
[ML] Cycle — IF_score=0.0864  IF_anom=0  LSTM_err=0.003043  LSTM_anom=0  OR_gate=0  ensemble=1
Drift cycle error: local variable '_drift_confirm_count' referenced before assignment
!!! OVER_PRESSURE !!! pressure=395.0 PSI (beyond physical engine maximum)
[ML] Cycle — IF_score=0.1866  IF_anom=0  LSTM_err=0.001383  LSTM_anom=0  OR_gate=0  ensemble=1
Drift cycle error: local variable '_drift_confirm_count' referenced before assignment
!!! OVER_PRESSURE !!! pressure=395.0 PSI (beyond physical engine maximum)
[ML] Cycle — IF_score=0.0388  IF_anom=0  LSTM_err=0.003478  LSTM_anom=0  OR_gate=0  ensemble=1
Drift cycle error: local variable '_drift_confirm_count' referenced before assignment
!!! OVER_PRESSURE !!! pressure=395.0 PSI (beyond physical engine maximum)
[ML] Cycle — IF_score=0.1964  IF_anom=0  LSTM_err=0.003322  LSTM_anom=0  OR_gate=0  ensemble=1
Drift cycle error: local variable '_drift_confirm_count' referenced before assignment
!!! OVER_PRESSURE !!! pressure=395.0 PSI (beyond physical engine maximum)
[ML] Cycle — IF_score=0.2060  IF_anom=0  LSTM_err=0.001913  LSTM_anom=0  OR_gate=0  ensemble=1
Drift cycle error: local variable '_drift_confirm_count' referenced before assignment
!!! OVER_PRESSURE !!! pressure=395.0 PSI (beyond physical engine maximum)
[ML] Cycle — IF_score=0.0976  IF_anom=0  LSTM_err=0.002959  LSTM_anom=0  OR_gate=0  ensemble=1
!!! OVER_PRESSURE !!! pressure=395.0 PSI (beyond physical engine maximum)
[ML] Cycle — IF_score=0.1945  IF_anom=0  LSTM_err=0.002935  LSTM_anom=0  OR_gate=0  ensemble=1
!!! OVER_PRESSURE !!! pressure=395.0 PSI (beyond physical engine maximum)
[ML] Cycle — IF_score=0.1924  IF_anom=0  LSTM_err=0.002134  LSTM_anom=0  OR_gate=0  ensemble=1
!!! OVER_PRESSURE !!! pressure=395.0 PSI (beyond physical engine maximum)
[ML] Cycle — IF_score=0.2018  IF_anom=0  LSTM_err=0.003442  LSTM_anom=0  OR_gate=0  ensemble=1
!!! OVER_PRESSURE !!! pressure=395.0 PSI (beyond physical engine maximum)
[ML] Cycle — IF_score=0.1945  IF_anom=0  LSTM_err=0.002106  LSTM_anom=0  OR_gate=0  ensemble=1
!!! OVER_PRESSURE !!! pressure=395.0 PSI (beyond physical engine maximum)
[ML] Cycle — IF_score=0.1978  IF_anom=0  LSTM_err=0.003068  LSTM_anom=0  OR_gate=0  ensemble=1
!!! SEMANTIC INJECTION DETECTED !!! Reg=201 Val=200
!!! SEMANTIC INJECTION DETECTED !!! Reg=200 Val=3200
!!! OVER_PRESSURE !!! pressure=395.0 PSI (beyond physical engine maximum)
[ML] Cycle — IF_score=0.0135  IF_anom=0  LSTM_err=0.102705  LSTM_anom=0  OR_gate=0  ensemble=1
!!! SEMANTIC INJECTION DETECTED !!! Reg=201 Val=500
!!! SEMANTIC INJECTION DETECTED !!! Reg=200 Val=1200
!!! OVER_PRESSURE !!! pressure=395.0 PSI (beyond physical engine maximum)
[ML] Cycle — IF_score=0.1522  IF_anom=0  LSTM_err=0.020656  LSTM_anom=0  OR_gate=0  ensemble=1
!!! OVER_PRESSURE !!! pressure=395.0 PSI (beyond physical engine maximum)
[ML] Cycle — IF_score=0.1947  IF_anom=0  LSTM_err=0.002843  LSTM_anom=0  OR_gate=0  ensemble=1
!!! OVER_PRESSURE !!! pressure=395.0 PSI (beyond physical engine maximum)
[ML] Cycle — IF_score=0.0916  IF_anom=0  LSTM_err=0.001514  LSTM_anom=0  OR_gate=0  ensemble=1
!!! OVER_PRESSURE !!! pressure=395.0 PSI (beyond physical engine maximum)
[ML] Cycle — IF_score=0.1616  IF_anom=0  LSTM_err=0.002536  LSTM_anom=0  OR_gate=0  ensemble=1
!!! OVER_PRESSURE !!! pressure=395.0 PSI (beyond physical engine maximum)
[ML] Cycle — IF_score=0.1475  IF_anom=0  LSTM_err=0.003130  LSTM_anom=0  OR_gate=0  ensemble=1
!!! OVER_PRESSURE !!! pressure=395.0 PSI (beyond physical engine maximum)
[ML] Cycle — IF_score=0.1204  IF_anom=0  LSTM_err=0.001422  LSTM_anom=0  OR_gate=0  ensemble=1
!!! OVER_PRESSURE !!! pressure=395.0 PSI (beyond physical engine maximum)
[ML] Cycle — IF_score=0.1211  IF_anom=0  LSTM_err=0.001342  LSTM_anom=0  OR_gate=0  ensemble=1
!!! OVER_PRESSURE !!! pressure=395.0 PSI (beyond physical engine maximum)
[ML] Cycle — IF_score=0.1587  IF_anom=0  LSTM_err=0.002312  LSTM_anom=0  OR_gate=0  ensemble=1
!!! OVER_PRESSURE !!! pressure=395.0 PSI (beyond physical engine maximum)
[ML] Cycle — IF_score=0.1515  IF_anom=0  LSTM_err=0.001690  LSTM_anom=0  OR_gate=0  ensemble=1
!!! OVER_PRESSURE !!! pressure=395.0 PSI (beyond physical engine maximum)
[ML] Cycle — IF_score=0.1932  IF_anom=0  LSTM_err=0.001273  LSTM_anom=0  OR_gate=0  ensemble=1
!!! OVER_PRESSURE !!! pressure=395.0 PSI (beyond physical engine maximum)
[ML] Cycle — IF_score=0.1986  IF_anom=0  LSTM_err=0.001004  LSTM_anom=0  OR_gate=0  ensemble=1
!!! OVER_PRESSURE !!! pressure=395.0 PSI (beyond physical engine maximum)
[ML] Cycle — IF_score=0.1774  IF_anom=0  LSTM_err=0.001728  LSTM_anom=0  OR_gate=0  ensemble=1
!!! OVER_PRESSURE !!! pressure=395.0 PSI (beyond physical engine maximum)
[ML] Cycle — IF_score=0.1119  IF_anom=0  LSTM_err=0.001861  LSTM_anom=0  OR_gate=0  ensemble=1
!!! OVER_PRESSURE !!! pressure=395.0 PSI (beyond physical engine maximum)
[ML] Cycle — IF_score=0.1194  IF_anom=0  LSTM_err=0.001909  LSTM_anom=0  OR_gate=0  ensemble=1
!!! OVER_PRESSURE !!! pressure=395.0 PSI (beyond physical engine maximum)
[ML] Cycle — IF_score=0.1843  IF_anom=0  LSTM_err=0.001182  LSTM_anom=0  OR_gate=0  ensemble=1
!!! OVER_PRESSURE !!! pressure=395.0 PSI (beyond physical engine maximum)
[ML] Cycle — IF_score=0.1672  IF_anom=0  LSTM_err=0.003610  LSTM_anom=0  OR_gate=0  ensemble=1
!!! OVER_PRESSURE !!! pressure=395.0 PSI (beyond physical engine maximum)
[ML] Cycle — IF_score=0.1413  IF_anom=0  LSTM_err=0.003061  LSTM_anom=0  OR_gate=0  ensemble=1
!!! OVER_PRESSURE !!! pressure=395.0 PSI (beyond physical engine maximum)
[ML] Cycle — IF_score=0.1971  IF_anom=0  LSTM_err=0.002448  LSTM_anom=0  OR_gate=0  ensemble=1
