!!! OVER_PRESSURE !!! pressure=370.0 PSI (beyond physical engine maximum)
[ML] Cycle — IF_score=0.1505  IF_anom=0  LSTM_err=0.000478  LSTM_anom=0  OR_gate=0  ensemble=1
Drift cycle error: local variable '_drift_confirm_count' referenced before assignment
!!! OVER_PRESSURE !!! pressure=370.0 PSI (beyond physical engine maximum)
[ML] Cycle — IF_score=0.0717  IF_anom=0  LSTM_err=0.000020  LSTM_anom=0  OR_gate=0  ensemble=1
Drift cycle error: local variable '_drift_confirm_count' referenced before assignment
!!! OVER_PRESSURE !!! pressure=370.0 PSI (beyond physical engine maximum)
[ML] Cycle — IF_score=0.1327  IF_anom=0  LSTM_err=0.000017  LSTM_anom=0  OR_gate=0  ensemble=1
Drift cycle error: local variable '_drift_confirm_count' referenced before assignment
!!! OVER_PRESSURE !!! pressure=370.0 PSI (beyond physical engine maximum)
[ML] Cycle — IF_score=0.1050  IF_anom=0  LSTM_err=0.000019  LSTM_anom=0  OR_gate=0  ensemble=1
Drift cycle error: local variable '_drift_confirm_count' referenced before assignment
!!! OVER_PRESSURE !!! pressure=370.0 PSI (beyond physical engine maximum)
[ML] Cycle — IF_score=0.1669  IF_anom=0  LSTM_err=0.000018  LSTM_anom=0  OR_gate=0  ensemble=1
Drift cycle error: local variable '_drift_confirm_count' referenced before assignment
!!! OVER_PRESSURE !!! pressure=370.0 PSI (beyond physical engine maximum)
[ML] Cycle — IF_score=0.1559  IF_anom=0  LSTM_err=0.000019  LSTM_anom=0  OR_gate=0  ensemble=1
Drift cycle error: local variable '_drift_confirm_count' referenced before assignment
!!! OVER_PRESSURE !!! pressure=370.0 PSI (beyond physical engine maximum)
[ML] Cycle — IF_score=0.1615  IF_anom=0  LSTM_err=0.000018  LSTM_anom=0  OR_gate=0  ensemble=1
Drift cycle error: local variable '_drift_confirm_count' referenced before assignment
!!! OVER_PRESSURE !!! pressure=370.0 PSI (beyond physical engine maximum)
[ML] Cycle — IF_score=0.1186  IF_anom=0  LSTM_err=0.000018  LSTM_anom=0  OR_gate=0  ensemble=1
Drift cycle error: local variable '_drift_confirm_count' referenced before assignment
!!! OVER_PRESSURE !!! pressure=370.0 PSI (beyond physical engine maximum)
[ML] Cycle — IF_score=0.1534  IF_anom=0  LSTM_err=0.000026  LSTM_anom=0  OR_gate=0  ensemble=1
Drift cycle error: local variable '_drift_confirm_count' referenced before assignment
!!! OVER_PRESSURE !!! pressure=370.0 PSI (beyond physical engine maximum)
[ML] Cycle — IF_score=0.0783  IF_anom=0  LSTM_err=0.000023  LSTM_anom=0  OR_gate=0  ensemble=1
Drift cycle error: local variable '_drift_confirm_count' referenced before assignment
!!! OVER_PRESSURE !!! pressure=370.0 PSI (beyond physical engine maximum)
[ML] Cycle — IF_score=0.1081  IF_anom=0  LSTM_err=0.000019  LSTM_anom=0  OR_gate=0  ensemble=1
Drift cycle error: local variable '_drift_confirm_count' referenced before assignment
!!! OVER_PRESSURE !!! pressure=370.0 PSI (beyond physical engine maximum)
[ML] Cycle — IF_score=0.1874  IF_anom=0  LSTM_err=0.000020  LSTM_anom=0  OR_gate=0  ensemble=1
Drift cycle error: local variable '_drift_confirm_count' referenced before assignment
!!! OVER_PRESSURE !!! pressure=370.0 PSI (beyond physical engine maximum)
[ML] Cycle — IF_score=0.1504  IF_anom=0  LSTM_err=0.000485  LSTM_anom=0  OR_gate=0  ensemble=1
Drift cycle error: local variable '_drift_confirm_count' referenced before assignment
!!! OVER_PRESSURE !!! pressure=370.0 PSI (beyond physical engine maximum)
[ML] Cycle — IF_score=0.1573  IF_anom=0  LSTM_err=0.000019  LSTM_anom=0  OR_gate=0  ensemble=1
Drift cycle error: local variable '_drift_confirm_count' referenced before assignment
!!! OVER_PRESSURE !!! pressure=370.0 PSI (beyond physical engine maximum)
[ML] Cycle — IF_score=0.1577  IF_anom=0  LSTM_err=0.000023  LSTM_anom=0  OR_gate=0  ensemble=1
Drift cycle error: local variable '_drift_confirm_count' referenced before assignment
!!! OVER_PRESSURE !!! pressure=370.0 PSI (beyond physical engine maximum)
[ML] Cycle — IF_score=0.1136  IF_anom=0  LSTM_err=0.000019  LSTM_anom=0  OR_gate=0  ensemble=1
Drift cycle error: local variable '_drift_confirm_count' referenced before assignment
!!! OVER_PRESSURE !!! pressure=370.0 PSI (beyond physical engine maximum)
[ML] Cycle — IF_score=0.0263  IF_anom=0  LSTM_err=0.004752  LSTM_anom=0  OR_gate=0  ensemble=1
Drift cycle error: local variable '_drift_confirm_count' referenced before assignment
!!! OVER_PRESSURE !!! pressure=370.0 PSI (beyond physical engine maximum)
[ML] Cycle — IF_score=0.1338  IF_anom=0  LSTM_err=0.000021  LSTM_anom=0  OR_gate=0  ensemble=1
!!! REPLAY ATTACK DETECTED !!! Replay detected [zero_var]: 116 samples mean=370.0 PSI stdev=0.0000 baseline_dev=8.2% fp_match=False lstm_err=0.000005 post_attack=True
Drift cycle error: local variable '_drift_confirm_count' referenced before assignment
!!! OVER_PRESSURE !!! pressure=370.0 PSI (beyond physical engine maximum)
[ML] Cycle — IF_score=0.1699  IF_anom=0  LSTM_err=0.000020  LSTM_anom=0  OR_gate=0  ensemble=1
Drift cycle error: local variable '_drift_confirm_count' referenced before assignment
!!! OVER_PRESSURE !!! pressure=370.0 PSI (beyond physical engine maximum)
[ML] Cycle — IF_score=0.0698  IF_anom=0  LSTM_err=0.000020  LSTM_anom=0  OR_gate=0  ensemble=1
Drift cycle error: local variable '_drift_confirm_count' referenced before assignment
!!! OVER_PRESSURE !!! pressure=370.0 PSI (beyond physical engine maximum)
[ML] Cycle — IF_score=0.1353  IF_anom=0  LSTM_err=0.000019  LSTM_anom=0  OR_gate=0  ensemble=1
Drift cycle error: local variable '_drift_confirm_count' referenced before assignment
!!! OVER_PRESSURE !!! pressure=370.0 PSI (beyond physical engine maximum)
[ML] Cycle — IF_score=0.1865  IF_anom=0  LSTM_err=0.000019  LSTM_anom=0  OR_gate=0  ensemble=1
!!! OVER_PRESSURE !!! pressure=370.0 PSI (beyond physical engine maximum)
[ML] Cycle — IF_score=0.1276  IF_anom=0  LSTM_err=0.000020  LSTM_anom=0  OR_gate=0  ensemble=1
!!! OVER_PRESSURE !!! pressure=370.0 PSI (beyond physical engine maximum)
[ML] Cycle — IF_score=0.0931  IF_anom=0  LSTM_err=0.000020  LSTM_anom=0  OR_gate=0  ensemble=1
!!! SEMANTIC INJECTION DETECTED !!! Reg=201 Val=500
!!! SEMANTIC INJECTION DETECTED !!! Reg=200 Val=1200
!!! SEMANTIC INJECTION DETECTED !!! Reg=201 Val=200
!!! SEMANTIC INJECTION DETECTED !!! Reg=200 Val=2800
!!! OVER_PRESSURE !!! pressure=370.0 PSI (beyond physical engine maximum)
[ML] Cycle — IF_score=0.1482  IF_anom=0  LSTM_err=0.040035  LSTM_anom=0  OR_gate=0  ensemble=1
!!! OVER_PRESSURE !!! pressure=370.0 PSI (beyond physical engine maximum)
[ML] Cycle — IF_score=0.1383  IF_anom=0  LSTM_err=0.000020  LSTM_anom=0  OR_gate=0  ensemble=1
!!! OVER_PRESSURE !!! pressure=370.0 PSI (beyond physical engine maximum)
[ML] Cycle — IF_score=0.1702  IF_anom=0  LSTM_err=0.000022  LSTM_anom=0  OR_gate=0  ensemble=1
!!! OVER_PRESSURE !!! pressure=370.0 PSI (beyond physical engine maximum)
[ML] Cycle — IF_score=0.1260  IF_anom=0  LSTM_err=0.000017  LSTM_anom=0  OR_gate=0  ensemble=1
!!! OVER_PRESSURE !!! pressure=370.0 PSI (beyond physical engine maximum)
[ML] Cycle — IF_score=0.1249  IF_anom=0  LSTM_err=0.000019  LSTM_anom=0  OR_gate=0  ensemble=1
!!! OVER_PRESSURE !!! pressure=370.0 PSI (beyond physical engine maximum)
[ML] Cycle — IF_score=0.0728  IF_anom=0  LSTM_err=0.000023  LSTM_anom=0  OR_gate=0  ensemble=1
!!! OVER_PRESSURE !!! pressure=370.0 PSI (beyond physical engine maximum)
[ML] Cycle — IF_score=0.1139  IF_anom=0  LSTM_err=0.000027  LSTM_anom=0  OR_gate=0  ensemble=1
!!! OVER_PRESSURE !!! pressure=370.0 PSI (beyond physical engine maximum)
[ML] Cycle — IF_score=0.0779  IF_anom=0  LSTM_err=0.000020  LSTM_anom=0  OR_gate=0  ensemble=1
!!! OVER_PRESSURE !!! pressure=370.0 PSI (beyond physical engine maximum)
[ML] Cycle — IF_score=0.1558  IF_anom=0  LSTM_err=0.000025  LSTM_anom=0  OR_gate=0  ensemble=1
!!! OVER_PRESSURE !!! pressure=370.0 PSI (beyond physical engine maximum)
[ML] Cycle — IF_score=0.1758  IF_anom=0  LSTM_err=0.000019  LSTM_anom=0  OR_gate=0  ensemble=1
!!! OVER_PRESSURE !!! pressure=370.0 PSI (beyond physical engine maximum)
[ML] Cycle — IF_score=0.1505  IF_anom=0  LSTM_err=0.000021  LSTM_anom=0  OR_gate=0  ensemble=1
!!! OVER_PRESSURE !!! pressure=370.0 PSI (beyond physical engine maximum)
[ML] Cycle — IF_score=0.0924  IF_anom=0  LSTM_err=0.000020  LSTM_anom=0  OR_gate=0  ensemble=1
!!! OVER_PRESSURE !!! pressure=370.0 PSI (beyond physical engine maximum)
[ML] Cycle — IF_score=-0.0036  IF_anom=0  LSTM_err=0.000021  LSTM_anom=0  OR_gate=0  ensemble=1
!!! OVER_PRESSURE !!! pressure=370.0 PSI (beyond physical engine maximum)
[ML] Cycle — IF_score=0.1488  IF_anom=0  LSTM_err=0.000017  LSTM_anom=0  OR_gate=0  ensemble=1
!!! OVER_PRESSURE !!! pressure=370.0 PSI (beyond physical engine maximum)
[ML] Cycle — IF_score=0.1298  IF_anom=0  LSTM_err=0.000736  LSTM_anom=0  OR_gate=0  ensemble=1
!!! OVER_PRESSURE !!! pressure=370.0 PSI (beyond physical engine maximum)
[ML] Cycle — IF_score=0.0710  IF_anom=0  LSTM_err=0.000025  LSTM_anom=0  OR_gate=0  ensemble=1
!!! OVER_PRESSURE !!! pressure=370.0 PSI (beyond physical engine maximum)
[ML] Cycle — IF_score=0.1269  IF_anom=0  LSTM_err=0.000019  LSTM_anom=0  OR_gate=0  ensemble=1
!!! OVER_PRESSURE !!! pressure=370.0 PSI (beyond physical engine maximum)
[ML] Cycle — IF_score=0.1458  IF_anom=0  LSTM_err=0.000018  LSTM_anom=0  OR_gate=0  ensemble=1
!!! OVER_PRESSURE !!! pressure=370.0 PSI (beyond physical engine maximum)
[ML] Cycle — IF_score=0.1444  IF_anom=0  LSTM_err=0.000020  LSTM_anom=0  OR_gate=0  ensemble=1
!!! OVER_PRESSURE !!! pressure=370.0 PSI (beyond physical engine maximum)
[ML] Cycle — IF_score=0.1270  IF_anom=0  LSTM_err=0.000021  LSTM_anom=0  OR_gate=0  ensemble=1
!!! OVER_PRESSURE !!! pressure=370.0 PSI (beyond physical engine maximum)
[ML] Cycle — IF_score=0.1298  IF_anom=0  LSTM_err=0.000019  LSTM_anom=0  OR_gate=0  ensemble=1
!!! OVER_PRESSURE !!! pressure=370.0 PSI (beyond physical engine maximum)
[ML] Cycle — IF_score=0.1246  IF_anom=0  LSTM_err=0.000021  LSTM_anom=0  OR_gate=0  ensemble=1
!!! OVER_PRESSURE !!! pressure=370.0 PSI (beyond physical engine maximum)
[ML] Cycle — IF_score=0.0876  IF_anom=0  LSTM_err=0.000021  LSTM_anom=0  OR_gate=0  ensemble=1
!!! OVER_PRESSURE !!! pressure=370.0 PSI (beyond physical engine maximum)
[ML] Cycle — IF_score=-0.0085  IF_anom=0  LSTM_err=0.000028  LSTM_anom=0  OR_gate=0  ensemble=1
!!! OVER_PRESSURE !!! pressure=370.0 PSI (beyond physical engine maximum)
[ML] Cycle — IF_score=0.1004  IF_anom=0  LSTM_err=0.000022  LSTM_anom=0  OR_gate=0  ensemble=1
!!! SEMANTIC INJECTION DETECTED !!! Reg=201 Val=500
!!! SEMANTIC INJECTION DETECTED !!! Reg=200 Val=1200
!!! SEMANTIC INJECTION DETECTED !!! Reg=201 Val=200
!!! SEMANTIC INJECTION DETECTED !!! Reg=200 Val=2600
!!! OVER_PRESSURE !!! pressure=370.0 PSI (beyond physical engine maximum)
[ML] Cycle — IF_score=0.0218  IF_anom=0  LSTM_err=0.023933  LSTM_anom=0  OR_gate=0  ensemble=1
!!! OVER_PRESSURE !!! pressure=370.0 PSI (beyond physical engine maximum)
[ML] Cycle — IF_score=0.1383  IF_anom=0  LSTM_err=0.000019  LSTM_anom=0  OR_gate=0  ensemble=1
!!! OVER_PRESSURE !!! pressure=370.0 PSI (beyond physical engine maximum)
[ML] Cycle — IF_score=0.0269  IF_anom=0  LSTM_err=0.000022  LSTM_anom=0  OR_gate=0  ensemble=1
!!! OVER_PRESSURE !!! pressure=370.0 PSI (beyond physical engine maximum)
[ML] Cycle — IF_score=0.1697  IF_anom=0  LSTM_err=0.000019  LSTM_anom=0  OR_gate=0  ensemble=1
!!! OVER_PRESSURE !!! pressure=370.0 PSI (beyond physical engine maximum)
[ML] Cycle — IF_score=0.1407  IF_anom=0  LSTM_err=0.000019  LSTM_anom=0  OR_gate=0  ensemble=1
!!! OVER_PRESSURE !!! pressure=370.0 PSI (beyond physical engine maximum)
[ML] Cycle — IF_score=0.1774  IF_anom=0  LSTM_err=0.000026  LSTM_anom=0  OR_gate=0  ensemble=1
!!! OVER_PRESSURE !!! pressure=370.0 PSI (beyond physical engine maximum)
[ML] Cycle — IF_score=0.1128  IF_anom=0  LSTM_err=0.000020  LSTM_anom=0  OR_gate=0  ensemble=1
!!! OVER_PRESSURE !!! pressure=370.0 PSI (beyond physical engine maximum)
[ML] Cycle — IF_score=0.1967  IF_anom=0  LSTM_err=0.000019  LSTM_anom=0  OR_gate=0  ensemble=1
!!! OVER_PRESSURE !!! pressure=370.0 PSI (beyond physical engine maximum)
[ML] Cycle — IF_score=0.1477  IF_anom=0  LSTM_err=0.000020  LSTM_anom=0  OR_gate=0  ensemble=1
!!! OVER_PRESSURE !!! pressure=370.0 PSI (beyond physical engine maximum)
[ML] Cycle — IF_score=0.1128  IF_anom=0  LSTM_err=0.000021  LSTM_anom=0  OR_gate=0  ensemble=1
!!! OVER_PRESSURE !!! pressure=370.0 PSI (beyond physical engine maximum)
[ML] Cycle — IF_score=0.0890  IF_anom=0  LSTM_err=0.000020  LSTM_anom=0  OR_gate=0  ensemble=1
!!! OVER_PRESSURE !!! pressure=370.0 PSI (beyond physical engine maximum)
[ML] Cycle — IF_score=0.0582  IF_anom=0  LSTM_err=0.000020  LSTM_anom=0  OR_gate=0  ensemble=1
!!! OVER_PRESSURE !!! pressure=370.0 PSI (beyond physical engine maximum)
[ML] Cycle — IF_score=0.1606  IF_anom=0  LSTM_err=0.000022  LSTM_anom=0  OR_gate=0  ensemble=1
!!! OVER_PRESSURE !!! pressure=370.0 PSI (beyond physical engine maximum)
[ML] Cycle — IF_score=0.2013  IF_anom=0  LSTM_err=0.000020  LSTM_anom=0  OR_gate=0  ensemble=1
!!! OVER_PRESSURE !!! pressure=370.0 PSI (beyond physical engine maximum)
[ML] Cycle — IF_score=0.1172  IF_anom=0  LSTM_err=0.000021  LSTM_anom=0  OR_gate=0  ensemble=1
!!! OVER_PRESSURE !!! pressure=370.0 PSI (beyond physical engine maximum)
[ML] Cycle — IF_score=0.0779  IF_anom=0  LSTM_err=0.000026  LSTM_anom=0  OR_gate=0  ensemble=1
!!! OVER_PRESSURE !!! pressure=370.0 PSI (beyond physical engine maximum)
[ML] Cycle — IF_score=0.1128  IF_anom=0  LSTM_err=0.000019  LSTM_anom=0  OR_gate=0  ensemble=1
!!! OVER_PRESSURE !!! pressure=370.0 PSI (beyond physical engine maximum)
[ML] Cycle — IF_score=0.0861  IF_anom=0  LSTM_err=0.000020  LSTM_anom=0  OR_gate=0  ensemble=1
!!! OVER_PRESSURE !!! pressure=370.0 PSI (beyond physical engine maximum)
[ML] Cycle — IF_score=0.1446  IF_anom=0  LSTM_err=0.000020  LSTM_anom=0  OR_gate=0  ensemble=1
!!! OVER_PRESSURE !!! pressure=370.0 PSI (beyond physical engine maximum)
[ML] Cycle — IF_score=0.0920  IF_anom=0  LSTM_err=0.000020  LSTM_anom=0  OR_gate=0  ensemble=1
!!! OVER_PRESSURE !!! pressure=370.0 PSI (beyond physical engine maximum)
[ML] Cycle — IF_score=0.1454  IF_anom=0  LSTM_err=0.000023  LSTM_anom=0  OR_gate=0  ensemble=1
!!! OVER_PRESSURE !!! pressure=370.0 PSI (beyond physical engine maximum)
[ML] Cycle — IF_score=0.1729  IF_anom=0  LSTM_err=0.000020  LSTM_anom=0  OR_gate=0  ensemble=1
!!! OVER_PRESSURE !!! pressure=370.0 PSI (beyond physical engine maximum)
[ML] Cycle — IF_score=0.1832  IF_anom=0  LSTM_err=0.000020  LSTM_anom=0  OR_gate=0  ensemble=1
!!! OVER_PRESSURE !!! pressure=370.0 PSI (beyond physical engine maximum)
[ML] Cycle — IF_score=0.1941  IF_anom=0  LSTM_err=0.000024  LSTM_anom=0  OR_gate=0  ensemble=1
!!! REPLAY ATTACK DETECTED !!! Replay detected [fp_matchlstm]: 228 samples mean=251.1 PSI stdev=121.2476 baseline_dev=32.1% fp_match=True lstm_err=0.199972 post_attack=True
Drift cycle error: local variable '_drift_confirm_count' referenced before assignment
!!! STEALTH_DRIFT !!! pressure_mean_dev=-48.40 PSI
[ML] Cycle — IF_score=-0.1237  IF_anom=0  LSTM_err=0.155163  LSTM_anom=0  OR_gate=0  ensemble=1
Drift cycle error: local variable '_drift_confirm_count' referenced before assignment
!!! CROSS_LAYER_ANOMALY !!! pressure_delta=-242.00 PSI with no write commands
!!! STEALTH_DRIFT !!! pressure_mean_dev=-48.40 PSI
[ML] Cycle — IF_score=-0.1383  IF_anom=0  LSTM_err=0.156227  LSTM_anom=0  OR_gate=0  ensemble=1
Drift cycle error: local variable '_drift_confirm_count' referenced before assignment
!!! OVER_PRESSURE !!! pressure=370.0 PSI (beyond physical engine maximum)
[ML] Cycle — IF_score=0.1188  IF_anom=0  LSTM_err=0.000021  LSTM_anom=0  OR_gate=0  ensemble=1
Drift cycle error: local variable '_drift_confirm_count' referenced before assignment
!!! OVER_PRESSURE !!! pressure=370.0 PSI (beyond physical engine maximum)
[ML] Cycle — IF_score=0.1207  IF_anom=0  LSTM_err=0.000612  LSTM_anom=0  OR_gate=0  ensemble=1
Drift cycle error: local variable '_drift_confirm_count' referenced before assignment
!!! OVER_PRESSURE !!! pressure=370.0 PSI (beyond physical engine maximum)
[ML] Cycle — IF_score=0.1019  IF_anom=0  LSTM_err=0.000020  LSTM_anom=0  OR_gate=0  ensemble=1
Drift cycle error: local variable '_drift_confirm_count' referenced before assignment
!!! OVER_PRESSURE !!! pressure=370.0 PSI (beyond physical engine maximum)
[ML] Cycle — IF_score=0.0973  IF_anom=0  LSTM_err=0.000019  LSTM_anom=0  OR_gate=0  ensemble=1
Drift cycle error: local variable '_drift_confirm_count' referenced before assignment
!!! OVER_PRESSURE !!! pressure=370.0 PSI (beyond physical engine maximum)
[ML] Cycle — IF_score=0.1012  IF_anom=0  LSTM_err=0.000022  LSTM_anom=0  OR_gate=0  ensemble=1
Drift cycle error: local variable '_drift_confirm_count' referenced before assignment
!!! OVER_PRESSURE !!! pressure=370.0 PSI (beyond physical engine maximum)
[ML] Cycle — IF_score=0.1090  IF_anom=0  LSTM_err=0.000020  LSTM_anom=0  OR_gate=0  ensemble=1
Drift cycle error: local variable '_drift_confirm_count' referenced before assignment
!!! OVER_PRESSURE !!! pressure=370.0 PSI (beyond physical engine maximum)
[ML] Cycle — IF_score=0.1037  IF_anom=0  LSTM_err=0.000020  LSTM_anom=0  OR_gate=0  ensemble=1
Drift cycle error: local variable '_drift_confirm_count' referenced before assignment
!!! OVER_PRESSURE !!! pressure=370.0 PSI (beyond physical engine maximum)
[ML] Cycle — IF_score=0.1351  IF_anom=0  LSTM_err=0.000022  LSTM_anom=0  OR_gate=0  ensemble=1
Drift cycle error: local variable '_drift_confirm_count' referenced before assignment
!!! OVER_PRESSURE !!! pressure=370.0 PSI (beyond physical engine maximum)
[ML] Cycle — IF_score=0.1630  IF_anom=0  LSTM_err=0.000021  LSTM_anom=0  OR_gate=0  ensemble=1
Drift cycle error: local variable '_drift_confirm_count' referenced before assignment
!!! OVER_PRESSURE !!! pressure=370.0 PSI (beyond physical engine maximum)
[ML] Cycle — IF_score=0.0723  IF_anom=0  LSTM_err=0.000023  LSTM_anom=0  OR_gate=0  ensemble=1
Drift cycle error: local variable '_drift_confirm_count' referenced before assignment
!!! OVER_PRESSURE !!! pressure=370.0 PSI (beyond physical engine maximum)
[ML] Cycle — IF_score=0.0751  IF_anom=0  LSTM_err=0.000019  LSTM_anom=0  OR_gate=0  ensemble=1
Drift cycle error: local variable '_drift_confirm_count' referenced before assignment
!!! OVER_PRESSURE !!! pressure=370.0 PSI (beyond physical engine maximum)
[ML] Cycle — IF_score=0.1527  IF_anom=0  LSTM_err=0.000019  LSTM_anom=0  OR_gate=0  ensemble=1
Drift cycle error: local variable '_drift_confirm_count' referenced before assignment
!!! OVER_PRESSURE !!! pressure=370.0 PSI (beyond physical engine maximum)
[ML] Cycle — IF_score=0.0323  IF_anom=0  LSTM_err=0.005457  LSTM_anom=0  OR_gate=0  ensemble=1
Drift cycle error: local variable '_drift_confirm_count' referenced before assignment
!!! OVER_PRESSURE !!! pressure=370.0 PSI (beyond physical engine maximum)
[ML] Cycle — IF_score=0.1197  IF_anom=0  LSTM_err=0.000022  LSTM_anom=0  OR_gate=0  ensemble=1
Drift cycle error: local variable '_drift_confirm_count' referenced before assignment
!!! OVER_PRESSURE !!! pressure=370.0 PSI (beyond physical engine maximum)
[ML] Cycle — IF_score=0.1216  IF_anom=0  LSTM_err=0.000020  LSTM_anom=0  OR_gate=0  ensemble=1
Drift cycle error: local variable '_drift_confirm_count' referenced before assignment
!!! OVER_PRESSURE !!! pressure=370.0 PSI (beyond physical engine maximum)
[ML] Cycle — IF_score=0.1699  IF_anom=0  LSTM_err=0.000020  LSTM_anom=0  OR_gate=0  ensemble=1
Drift cycle error: local variable '_drift_confirm_count' referenced before assignment
!!! OVER_PRESSURE !!! pressure=370.0 PSI (beyond physical engine maximum)
[ML] Cycle — IF_score=0.1980  IF_anom=0  LSTM_err=0.000019  LSTM_anom=0  OR_gate=0  ensemble=1
Drift cycle error: local variable '_drift_confirm_count' referenced before assignment
!!! OVER_PRESSURE !!! pressure=370.0 PSI (beyond physical engine maximum)
[ML] Cycle — IF_score=0.1374  IF_anom=0  LSTM_err=0.000715  LSTM_anom=0  OR_gate=0  ensemble=1
!!! OVER_PRESSURE !!! pressure=370.0 PSI (beyond physical engine maximum)
[ML] Cycle — IF_score=0.1128  IF_anom=0  LSTM_err=0.000018  LSTM_anom=0  OR_gate=0  ensemble=1
!!! OVER_PRESSURE !!! pressure=370.0 PSI (beyond physical engine maximum)
[ML] Cycle — IF_score=0.0322  IF_anom=0  LSTM_err=0.000024  LSTM_anom=0  OR_gate=0  ensemble=1
!!! OVER_PRESSURE !!! pressure=370.0 PSI (beyond physical engine maximum)
[ML] Cycle — IF_score=0.0667  IF_anom=0  LSTM_err=0.000018  LSTM_anom=0  OR_gate=0  ensemble=1
!!! OVER_PRESSURE !!! pressure=370.0 PSI (beyond physical engine maximum)
[ML] Cycle — IF_score=0.0698  IF_anom=0  LSTM_err=0.000018  LSTM_anom=0  OR_gate=0  ensemble=1
!!! OVER_PRESSURE !!! pressure=370.0 PSI (beyond physical engine maximum)
[ML] Cycle — IF_score=0.0911  IF_anom=0  LSTM_err=0.000721  LSTM_anom=0  OR_gate=0  ensemble=1
!!! OVER_PRESSURE !!! pressure=370.0 PSI (beyond physical engine maximum)
[ML] Cycle — IF_score=0.1524  IF_anom=0  LSTM_err=0.000022  LSTM_anom=0  OR_gate=0  ensemble=1
!!! SEMANTIC INJECTION DETECTED !!! Reg=201 Val=200
!!! SEMANTIC INJECTION DETECTED !!! Reg=200 Val=2400
!!! OVER_PRESSURE !!! pressure=370.0 PSI (beyond physical engine maximum)
[ML] Cycle — IF_score=0.0536  IF_anom=0  LSTM_err=0.082765  LSTM_anom=0  OR_gate=0  ensemble=1
!!! SEMANTIC INJECTION DETECTED !!! Reg=201 Val=500
!!! SEMANTIC INJECTION DETECTED !!! Reg=200 Val=1200
!!! OVER_PRESSURE !!! pressure=370.0 PSI (beyond physical engine maximum)
[ML] Cycle — IF_score=0.0045  IF_anom=0  LSTM_err=0.051182  LSTM_anom=0  OR_gate=0  ensemble=1
!!! OVER_PRESSURE !!! pressure=370.0 PSI (beyond physical engine maximum)
[ML] Cycle — IF_score=0.0920  IF_anom=0  LSTM_err=0.000019  LSTM_anom=0  OR_gate=0  ensemble=1
!!! OVER_PRESSURE !!! pressure=370.0 PSI (beyond physical engine maximum)
[ML] Cycle — IF_score=0.1580  IF_anom=0  LSTM_err=0.000019  LSTM_anom=0  OR_gate=0  ensemble=1
!!! OVER_PRESSURE !!! pressure=370.0 PSI (beyond physical engine maximum)
[ML] Cycle — IF_score=0.1516  IF_anom=0  LSTM_err=0.000040  LSTM_anom=0  OR_gate=0  ensemble=1
!!! OVER_PRESSURE !!! pressure=370.0 PSI (beyond physical engine maximum)
[ML] Cycle — IF_score=0.1260  IF_anom=0  LSTM_err=0.000019  LSTM_anom=0  OR_gate=0  ensemble=1
!!! OVER_PRESSURE !!! pressure=370.0 PSI (beyond physical engine maximum)
[ML] Cycle — IF_score=0.1488  IF_anom=0  LSTM_err=0.000018  LSTM_anom=0  OR_gate=0  ensemble=1
!!! OVER_PRESSURE !!! pressure=370.0 PSI (beyond physical engine maximum)
[ML] Cycle — IF_score=0.1618  IF_anom=0  LSTM_err=0.000021  LSTM_anom=0  OR_gate=0  ensemble=1
!!! OVER_PRESSURE !!! pressure=370.0 PSI (beyond physical engine maximum)
[ML] Cycle — IF_score=0.1425  IF_anom=0  LSTM_err=0.000026  LSTM_anom=0  OR_gate=0  ensemble=1
!!! OVER_PRESSURE !!! pressure=370.0 PSI (beyond physical engine maximum)
[ML] Cycle — IF_score=0.1429  IF_anom=0  LSTM_err=0.000018  LSTM_anom=0  OR_gate=0  ensemble=1
!!! OVER_PRESSURE !!! pressure=370.0 PSI (beyond physical engine maximum)
[ML] Cycle — IF_score=0.0779  IF_anom=0  LSTM_err=0.000018  LSTM_anom=0  OR_gate=0  ensemble=1
!!! OVER_PRESSURE !!! pressure=370.0 PSI (beyond physical engine maximum)
[ML] Cycle — IF_score=0.0955  IF_anom=0  LSTM_err=0.000018  LSTM_anom=0  OR_gate=0  ensemble=1
!!! OVER_PRESSURE !!! pressure=370.0 PSI (beyond physical engine maximum)
[ML] Cycle — IF_score=0.1268  IF_anom=0  LSTM_err=0.000017  LSTM_anom=0  OR_gate=0  ensemble=1
!!! OVER_PRESSURE !!! pressure=370.0 PSI (beyond physical engine maximum)
[ML] Cycle — IF_score=0.1683  IF_anom=0  LSTM_err=0.000020  LSTM_anom=0  OR_gate=0  ensemble=1
!!! OVER_PRESSURE !!! pressure=370.0 PSI (beyond physical engine maximum)
[ML] Cycle — IF_score=0.1510  IF_anom=0  LSTM_err=0.000018  LSTM_anom=0  OR_gate=0  ensemble=1
!!! OVER_PRESSURE !!! pressure=370.0 PSI (beyond physical engine maximum)
[ML] Cycle — IF_score=0.1547  IF_anom=0  LSTM_err=0.000018  LSTM_anom=0  OR_gate=0  ensemble=1
!!! OVER_PRESSURE !!! pressure=370.0 PSI (beyond physical engine maximum)
[ML] Cycle — IF_score=0.1457  IF_anom=0  LSTM_err=0.000020  LSTM_anom=0  OR_gate=0  ensemble=1
!!! OVER_PRESSURE !!! pressure=370.0 PSI (beyond physical engine maximum)
[ML] Cycle — IF_score=0.2020  IF_anom=0  LSTM_err=0.000370  LSTM_anom=0  OR_gate=0  ensemble=1
!!! OVER_PRESSURE !!! pressure=370.0 PSI (beyond physical engine maximum)
[ML] Cycle — IF_score=0.1729  IF_anom=0  LSTM_err=0.000022  LSTM_anom=0  OR_gate=0  ensemble=1
!!! OVER_PRESSURE !!! pressure=370.0 PSI (beyond physical engine maximum)
[ML] Cycle — IF_score=0.0808  IF_anom=0  LSTM_err=0.000022  LSTM_anom=0  OR_gate=0  ensemble=1
!!! OVER_PRESSURE !!! pressure=370.0 PSI (beyond physical engine maximum)
[ML] Cycle — IF_score=0.0729  IF_anom=0  LSTM_err=0.000019  LSTM_anom=0  OR_gate=0  ensemble=1
!!! OVER_PRESSURE !!! pressure=370.0 PSI (beyond physical engine maximum)
[ML] Cycle — IF_score=0.1553  IF_anom=0  LSTM_err=0.000019  LSTM_anom=0  OR_gate=0  ensemble=1
!!! OVER_PRESSURE !!! pressure=370.0 PSI (beyond physical engine maximum)
[ML] Cycle — IF_score=0.1699  IF_anom=0  LSTM_err=0.000022  LSTM_anom=0  OR_gate=0  ensemble=1
!!! OVER_PRESSURE !!! pressure=370.0 PSI (beyond physical engine maximum)
[ML] Cycle — IF_score=0.1011  IF_anom=0  LSTM_err=0.000023  LSTM_anom=0  OR_gate=0  ensemble=1
!!! OVER_PRESSURE !!! pressure=370.0 PSI (beyond physical engine maximum)
[ML] Cycle — IF_score=0.1227  IF_anom=0  LSTM_err=0.000021  LSTM_anom=0  OR_gate=0  ensemble=1
!!! OVER_PRESSURE !!! pressure=370.0 PSI (beyond physical engine maximum)
[ML] Cycle — IF_score=0.1669  IF_anom=0  LSTM_err=0.000019  LSTM_anom=0  OR_gate=0  ensemble=1
!!! OVER_PRESSURE !!! pressure=370.0 PSI (beyond physical engine maximum)
[ML] Cycle — IF_score=0.1813  IF_anom=0  LSTM_err=0.000018  LSTM_anom=0  OR_gate=0  ensemble=1
!!! OVER_PRESSURE !!! pressure=370.0 PSI (beyond physical engine maximum)
[ML] Cycle — IF_score=0.1443  IF_anom=0  LSTM_err=0.000020  LSTM_anom=0  OR_gate=0  ensemble=1
!!! OVER_PRESSURE !!! pressure=370.0 PSI (beyond physical engine maximum)
[ML] Cycle — IF_score=0.1783  IF_anom=0  LSTM_err=0.000019  LSTM_anom=0  OR_gate=0  ensemble=1
!!! OVER_PRESSURE !!! pressure=370.0 PSI (beyond physical engine maximum)
[ML] Cycle — IF_score=0.1268  IF_anom=0  LSTM_err=0.000705  LSTM_anom=0  OR_gate=0  ensemble=1
!!! OVER_PRESSURE !!! pressure=370.0 PSI (beyond physical engine maximum)
[ML] Cycle — IF_score=0.1705  IF_anom=0  LSTM_err=0.000718  LSTM_anom=0  OR_gate=0  ensemble=1
!!! REPLAY ATTACK DETECTED !!! Replay detected [fp_matchlstm]: 153 samples mean=309.1 PSI stdev=108.2587 baseline_dev=16.5% fp_match=True lstm_err=0.199972 post_attack=True
Drift cycle error: local variable '_drift_confirm_count' referenced before assignment
!!! STEALTH_DRIFT !!! pressure_mean_dev=-50.40 PSI
[ML] Cycle — IF_score=-0.1247  IF_anom=0  LSTM_err=0.160485  LSTM_anom=0  OR_gate=0  ensemble=1
Drift cycle error: local variable '_drift_confirm_count' referenced before assignment
!!! STEALTH_DRIFT !!! pressure_mean_dev=-50.40 PSI
[ML] Cycle — IF_score=-0.1247  IF_anom=0  LSTM_err=0.148893  LSTM_anom=0  OR_gate=0  ensemble=1
Drift cycle error: local variable '_drift_confirm_count' referenced before assignment
!!! STEALTH_DRIFT !!! pressure_mean_dev=151.20 PSI
!!! OVER_PRESSURE !!! pressure=370.0 PSI (beyond physical engine maximum)
[ML] Cycle — IF_score=-0.0491  IF_anom=0  LSTM_err=0.161287  LSTM_anom=1  OR_gate=1  ensemble=1
Drift cycle error: local variable '_drift_confirm_count' referenced before assignment
!!! OVER_PRESSURE !!! pressure=370.0 PSI (beyond physical engine maximum)
[ML] Cycle — IF_score=0.1082  IF_anom=0  LSTM_err=0.000019  LSTM_anom=0  OR_gate=0  ensemble=1
Drift cycle error: local variable '_drift_confirm_count' referenced before assignment
!!! OVER_PRESSURE !!! pressure=370.0 PSI (beyond physical engine maximum)
[ML] Cycle — IF_score=0.0281  IF_anom=0  LSTM_err=0.004766  LSTM_anom=0  OR_gate=0  ensemble=1
Drift cycle error: local variable '_drift_confirm_count' referenced before assignment
!!! OVER_PRESSURE !!! pressure=370.0 PSI (beyond physical engine maximum)
[ML] Cycle — IF_score=0.1067  IF_anom=0  LSTM_err=0.000020  LSTM_anom=0  OR_gate=0  ensemble=1
Drift cycle error: local variable '_drift_confirm_count' referenced before assignment
!!! OVER_PRESSURE !!! pressure=370.0 PSI (beyond physical engine maximum)
[ML] Cycle — IF_score=0.0602  IF_anom=0  LSTM_err=0.000020  LSTM_anom=0  OR_gate=0  ensemble=1
Drift cycle error: local variable '_drift_confirm_count' referenced before assignment
!!! OVER_PRESSURE !!! pressure=370.0 PSI (beyond physical engine maximum)
[ML] Cycle — IF_score=0.0639  IF_anom=0  LSTM_err=0.000020  LSTM_anom=0  OR_gate=0  ensemble=1
Drift cycle error: local variable '_drift_confirm_count' referenced before assignment
!!! OVER_PRESSURE !!! pressure=370.0 PSI (beyond physical engine maximum)
[ML] Cycle — IF_score=0.1174  IF_anom=0  LSTM_err=0.000382  LSTM_anom=0  OR_gate=0  ensemble=1
Drift cycle error: local variable '_drift_confirm_count' referenced before assignment
!!! OVER_PRESSURE !!! pressure=370.0 PSI (beyond physical engine maximum)
[ML] Cycle — IF_score=0.0323  IF_anom=0  LSTM_err=0.005145  LSTM_anom=0  OR_gate=0  ensemble=1
Drift cycle error: local variable '_drift_confirm_count' referenced before assignment
!!! OVER_PRESSURE !!! pressure=370.0 PSI (beyond physical engine maximum)
[ML] Cycle — IF_score=0.0843  IF_anom=0  LSTM_err=0.000019  LSTM_anom=0  OR_gate=0  ensemble=1
Drift cycle error: local variable '_drift_confirm_count' referenced before assignment
!!! OVER_PRESSURE !!! pressure=370.0 PSI (beyond physical engine maximum)
[ML] Cycle — IF_score=0.1094  IF_anom=0  LSTM_err=0.000029  LSTM_anom=0  OR_gate=0  ensemble=1
Drift cycle error: local variable '_drift_confirm_count' referenced before assignment
!!! OVER_PRESSURE !!! pressure=370.0 PSI (beyond physical engine maximum)
[ML] Cycle — IF_score=0.0829  IF_anom=0  LSTM_err=0.000019  LSTM_anom=0  OR_gate=0  ensemble=1
Drift cycle error: local variable '_drift_confirm_count' referenced before assignment
!!! OVER_PRESSURE !!! pressure=370.0 PSI (beyond physical engine maximum)
[ML] Cycle — IF_score=0.0989  IF_anom=0  LSTM_err=0.000019  LSTM_anom=0  OR_gate=0  ensemble=1
Drift cycle error: local variable '_drift_confirm_count' referenced before assignment
!!! OVER_PRESSURE !!! pressure=370.0 PSI (beyond physical engine maximum)
[ML] Cycle — IF_score=0.0976  IF_anom=0  LSTM_err=0.000022  LSTM_anom=0  OR_gate=0  ensemble=1
Drift cycle error: local variable '_drift_confirm_count' referenced before assignment
!!! OVER_PRESSURE !!! pressure=370.0 PSI (beyond physical engine maximum)
[ML] Cycle — IF_score=0.1820  IF_anom=0  LSTM_err=0.000020  LSTM_anom=0  OR_gate=0  ensemble=1
Drift cycle error: local variable '_drift_confirm_count' referenced before assignment
!!! OVER_PRESSURE !!! pressure=370.0 PSI (beyond physical engine maximum)
[ML] Cycle — IF_score=0.1788  IF_anom=0  LSTM_err=0.000020  LSTM_anom=0  OR_gate=0  ensemble=1
Drift cycle error: local variable '_drift_confirm_count' referenced before assignment
!!! OVER_PRESSURE !!! pressure=370.0 PSI (beyond physical engine maximum)
[ML] Cycle — IF_score=0.1460  IF_anom=0  LSTM_err=0.000021  LSTM_anom=0  OR_gate=0  ensemble=1
Drift cycle error: local variable '_drift_confirm_count' referenced before assignment
!!! OVER_PRESSURE !!! pressure=370.0 PSI (beyond physical engine maximum)
[ML] Cycle — IF_score=0.1146  IF_anom=0  LSTM_err=0.000022  LSTM_anom=0  OR_gate=0  ensemble=1
Drift cycle error: local variable '_drift_confirm_count' referenced before assignment
!!! OVER_PRESSURE !!! pressure=370.0 PSI (beyond physical engine maximum)
[ML] Cycle — IF_score=0.0996  IF_anom=0  LSTM_err=0.000021  LSTM_anom=0  OR_gate=0  ensemble=1
!!! OVER_PRESSURE !!! pressure=370.0 PSI (beyond physical engine maximum)
[ML] Cycle — IF_score=0.1037  IF_anom=0  LSTM_err=0.000019  LSTM_anom=0  OR_gate=0  ensemble=1
!!! OVER_PRESSURE !!! pressure=370.0 PSI (beyond physical engine maximum)
[ML] Cycle — IF_score=0.1606  IF_anom=0  LSTM_err=0.000021  LSTM_anom=0  OR_gate=0  ensemble=1
!!! OVER_PRESSURE !!! pressure=370.0 PSI (beyond physical engine maximum)
[ML] Cycle — IF_score=0.1037  IF_anom=0  LSTM_err=0.000020  LSTM_anom=0  OR_gate=0  ensemble=1
!!! OVER_PRESSURE !!! pressure=370.0 PSI (beyond physical engine maximum)
[ML] Cycle — IF_score=0.1429  IF_anom=0  LSTM_err=0.000019  LSTM_anom=0  OR_gate=0  ensemble=1
!!! OVER_PRESSURE !!! pressure=370.0 PSI (beyond physical engine maximum)
[ML] Cycle — IF_score=0.0391  IF_anom=0  LSTM_err=0.004756  LSTM_anom=0  OR_gate=0  ensemble=1
!!! OVER_PRESSURE !!! pressure=370.0 PSI (beyond physical engine maximum)
[ML] Cycle — IF_score=0.1699  IF_anom=0  LSTM_err=0.000021  LSTM_anom=0  OR_gate=0  ensemble=1
!!! OVER_PRESSURE !!! pressure=370.0 PSI (beyond physical engine maximum)
[ML] Cycle — IF_score=0.1541  IF_anom=0  LSTM_err=0.000020  LSTM_anom=0  OR_gate=0  ensemble=1
!!! OVER_PRESSURE !!! pressure=370.0 PSI (beyond physical engine maximum)
[ML] Cycle — IF_score=0.0890  IF_anom=0  LSTM_err=0.000019  LSTM_anom=0  OR_gate=0  ensemble=1
!!! OVER_PRESSURE !!! pressure=370.0 PSI (beyond physical engine maximum)
[ML] Cycle — IF_score=0.1573  IF_anom=0  LSTM_err=0.000020  LSTM_anom=0  OR_gate=0  ensemble=1
!!! OVER_PRESSURE !!! pressure=370.0 PSI (beyond physical engine maximum)
[ML] Cycle — IF_score=0.1488  IF_anom=0  LSTM_err=0.000019  LSTM_anom=0  OR_gate=0  ensemble=1
!!! OVER_PRESSURE !!! pressure=370.0 PSI (beyond physical engine maximum)
[ML] Cycle — IF_score=0.1385  IF_anom=0  LSTM_err=0.000019  LSTM_anom=0  OR_gate=0  ensemble=1
!!! OVER_PRESSURE !!! pressure=370.0 PSI (beyond physical engine maximum)
[ML] Cycle — IF_score=0.1429  IF_anom=0  LSTM_err=0.000019  LSTM_anom=0  OR_gate=0  ensemble=1
!!! OVER_PRESSURE !!! pressure=370.0 PSI (beyond physical engine maximum)
[ML] Cycle — IF_score=0.1429  IF_anom=0  LSTM_err=0.000020  LSTM_anom=0  OR_gate=0  ensemble=1
!!! SEMANTIC INJECTION DETECTED !!! Reg=201 Val=500
!!! SEMANTIC INJECTION DETECTED !!! Reg=200 Val=1200
!!! SEMANTIC INJECTION DETECTED !!! Reg=201 Val=100
!!! SEMANTIC INJECTION DETECTED !!! Reg=200 Val=3000
!!! OVER_PRESSURE !!! pressure=370.0 PSI (beyond physical engine maximum)
[ML] Cycle — IF_score=0.0623  IF_anom=0  LSTM_err=0.046059  LSTM_anom=0  OR_gate=0  ensemble=1
!!! OVER_PRESSURE !!! pressure=370.0 PSI (beyond physical engine maximum)
[ML] Cycle — IF_score=0.1037  IF_anom=0  LSTM_err=0.000020  LSTM_anom=0  OR_gate=0  ensemble=1
!!! OVER_PRESSURE !!! pressure=370.0 PSI (beyond physical engine maximum)
[ML] Cycle — IF_score=0.2001  IF_anom=0  LSTM_err=0.000018  LSTM_anom=0  OR_gate=0  ensemble=1
!!! OVER_PRESSURE !!! pressure=370.0 PSI (beyond physical engine maximum)
[ML] Cycle — IF_score=0.1299  IF_anom=0  LSTM_err=0.000028  LSTM_anom=0  OR_gate=0  ensemble=1
!!! OVER_PRESSURE !!! pressure=370.0 PSI (beyond physical engine maximum)
[ML] Cycle — IF_score=0.1707  IF_anom=0  LSTM_err=0.000019  LSTM_anom=0  OR_gate=0  ensemble=1
!!! OVER_PRESSURE !!! pressure=370.0 PSI (beyond physical engine maximum)
[ML] Cycle — IF_score=0.1687  IF_anom=0  LSTM_err=0.000018  LSTM_anom=0  OR_gate=0  ensemble=1
!!! OVER_PRESSURE !!! pressure=370.0 PSI (beyond physical engine maximum)
[ML] Cycle — IF_score=0.1488  IF_anom=0  LSTM_err=0.000020  LSTM_anom=0  OR_gate=0  ensemble=1
!!! OVER_PRESSURE !!! pressure=370.0 PSI (beyond physical engine maximum)
[ML] Cycle — IF_score=0.1571  IF_anom=0  LSTM_err=0.000019  LSTM_anom=0  OR_gate=0  ensemble=1
!!! OVER_PRESSURE !!! pressure=370.0 PSI (beyond physical engine maximum)
[ML] Cycle — IF_score=0.1404  IF_anom=0  LSTM_err=0.000020  LSTM_anom=0  OR_gate=0  ensemble=1
!!! OVER_PRESSURE !!! pressure=370.0 PSI (beyond physical engine maximum)
[ML] Cycle — IF_score=0.1558  IF_anom=0  LSTM_err=0.000018  LSTM_anom=0  OR_gate=0  ensemble=1
!!! OVER_PRESSURE !!! pressure=370.0 PSI (beyond physical engine maximum)
[ML] Cycle — IF_score=0.1404  IF_anom=0  LSTM_err=0.000021  LSTM_anom=0  OR_gate=0  ensemble=1
!!! OVER_PRESSURE !!! pressure=370.0 PSI (beyond physical engine maximum)
[ML] Cycle — IF_score=0.1623  IF_anom=0  LSTM_err=0.000277  LSTM_anom=0  OR_gate=0  ensemble=1
!!! OVER_PRESSURE !!! pressure=370.0 PSI (beyond physical engine maximum)
[ML] Cycle — IF_score=0.1347  IF_anom=0  LSTM_err=0.000020  LSTM_anom=0  OR_gate=0  ensemble=1
!!! OVER_PRESSURE !!! pressure=370.0 PSI (beyond physical engine maximum)
[ML] Cycle — IF_score=0.1593  IF_anom=0  LSTM_err=0.000024  LSTM_anom=0  OR_gate=0  ensemble=1
!!! OVER_PRESSURE !!! pressure=370.0 PSI (beyond physical engine maximum)
[ML] Cycle — IF_score=0.1359  IF_anom=0  LSTM_err=0.000032  LSTM_anom=0  OR_gate=0  ensemble=1
!!! OVER_PRESSURE !!! pressure=370.0 PSI (beyond physical engine maximum)
[ML] Cycle — IF_score=0.1641  IF_anom=0  LSTM_err=0.000021  LSTM_anom=0  OR_gate=0  ensemble=1
!!! OVER_PRESSURE !!! pressure=370.0 PSI (beyond physical engine maximum)
[ML] Cycle — IF_score=0.1311  IF_anom=0  LSTM_err=0.000019  LSTM_anom=0  OR_gate=0  ensemble=1
!!! OVER_PRESSURE !!! pressure=370.0 PSI (beyond physical engine maximum)
[ML] Cycle — IF_score=0.1359  IF_anom=0  LSTM_err=0.000023  LSTM_anom=0  OR_gate=0  ensemble=1
!!! OVER_PRESSURE !!! pressure=370.0 PSI (beyond physical engine maximum)
[ML] Cycle — IF_score=0.0333  IF_anom=0  LSTM_err=0.004777  LSTM_anom=0  OR_gate=0  ensemble=1
!!! OVER_PRESSURE !!! pressure=370.0 PSI (beyond physical engine maximum)
[ML] Cycle — IF_score=0.0986  IF_anom=0  LSTM_err=0.000019  LSTM_anom=0  OR_gate=0  ensemble=1
!!! OVER_PRESSURE !!! pressure=370.0 PSI (beyond physical engine maximum)
[ML] Cycle — IF_score=0.0378  IF_anom=0  LSTM_err=0.004762  LSTM_anom=0  OR_gate=0  ensemble=1
!!! OVER_PRESSURE !!! pressure=370.0 PSI (beyond physical engine maximum)
[ML] Cycle — IF_score=0.1409  IF_anom=0  LSTM_err=0.000022  LSTM_anom=0  OR_gate=0  ensemble=1
!!! OVER_PRESSURE !!! pressure=370.0 PSI (beyond physical engine maximum)
[ML] Cycle — IF_score=0.1243  IF_anom=0  LSTM_err=0.000022  LSTM_anom=0  OR_gate=0  ensemble=1
!!! OVER_PRESSURE !!! pressure=370.0 PSI (beyond physical engine maximum)
[ML] Cycle — IF_score=0.1298  IF_anom=0  LSTM_err=0.000023  LSTM_anom=0  OR_gate=0  ensemble=1
!!! OVER_PRESSURE !!! pressure=370.0 PSI (beyond physical engine maximum)
[ML] Cycle — IF_score=0.0843  IF_anom=0  LSTM_err=0.000025  LSTM_anom=0  OR_gate=0  ensemble=1
!!! SEMANTIC INJECTION DETECTED !!! Reg=201 Val=200
!!! SEMANTIC INJECTION DETECTED !!! Reg=200 Val=2800
!!! OVER_PRESSURE !!! pressure=370.0 PSI (beyond physical engine maximum)
[ML] Cycle — IF_score=0.1262  IF_anom=0  LSTM_err=0.080756  LSTM_anom=0  OR_gate=0  ensemble=1
!!! SEMANTIC INJECTION DETECTED !!! Reg=201 Val=500
!!! SEMANTIC INJECTION DETECTED !!! Reg=200 Val=1200
!!! OVER_PRESSURE !!! pressure=370.0 PSI (beyond physical engine maximum)
[ML] Cycle — IF_score=0.0955  IF_anom=0  LSTM_err=0.040569  LSTM_anom=0  OR_gate=0  ensemble=1
!!! OVER_PRESSURE !!! pressure=370.0 PSI (beyond physical engine maximum)
[ML] Cycle — IF_score=0.0792  IF_anom=0  LSTM_err=0.000019  LSTM_anom=0  OR_gate=0  ensemble=1
!!! OVER_PRESSURE !!! pressure=370.0 PSI (beyond physical engine maximum)
[ML] Cycle — IF_score=0.1707  IF_anom=0  LSTM_err=0.000017  LSTM_anom=0  OR_gate=0  ensemble=1
!!! OVER_PRESSURE !!! pressure=370.0 PSI (beyond physical engine maximum)
[ML] Cycle — IF_score=0.1178  IF_anom=0  LSTM_err=0.000019  LSTM_anom=0  OR_gate=0  ensemble=1
!!! OVER_PRESSURE !!! pressure=370.0 PSI (beyond physical engine maximum)
[ML] Cycle — IF_score=-0.0022  IF_anom=0  LSTM_err=0.000024  LSTM_anom=0  OR_gate=0  ensemble=1
!!! OVER_PRESSURE !!! pressure=370.0 PSI (beyond physical engine maximum)
[ML] Cycle — IF_score=0.0436  IF_anom=0  LSTM_err=0.000023  LSTM_anom=0  OR_gate=0  ensemble=1
!!! OVER_PRESSURE !!! pressure=370.0 PSI (beyond physical engine maximum)
[ML] Cycle — IF_score=0.0841  IF_anom=0  LSTM_err=0.000017  LSTM_anom=0  OR_gate=0  ensemble=1
!!! OVER_PRESSURE !!! pressure=370.0 PSI (beyond physical engine maximum)
[ML] Cycle — IF_score=0.1558  IF_anom=0  LSTM_err=0.000024  LSTM_anom=0  OR_gate=0  ensemble=1
!!! OVER_PRESSURE !!! pressure=370.0 PSI (beyond physical engine maximum)
[ML] Cycle — IF_score=0.1558  IF_anom=0  LSTM_err=0.000018  LSTM_anom=0  OR_gate=0  ensemble=1
!!! OVER_PRESSURE !!! pressure=370.0 PSI (beyond physical engine maximum)
[ML] Cycle — IF_score=0.1407  IF_anom=0  LSTM_err=0.000024  LSTM_anom=0  OR_gate=0  ensemble=1
!!! OVER_PRESSURE !!! pressure=370.0 PSI (beyond physical engine maximum)
[ML] Cycle — IF_score=0.1675  IF_anom=0  LSTM_err=0.000019  LSTM_anom=0  OR_gate=0  ensemble=1
!!! OVER_PRESSURE !!! pressure=370.0 PSI (beyond physical engine maximum)
[ML] Cycle — IF_score=0.1474  IF_anom=0  LSTM_err=0.000018  LSTM_anom=0  OR_gate=0  ensemble=1
!!! OVER_PRESSURE !!! pressure=370.0 PSI (beyond physical engine maximum)
[ML] Cycle — IF_score=0.2019  IF_anom=0  LSTM_err=0.000020  LSTM_anom=0  OR_gate=0  ensemble=1
!!! OVER_PRESSURE !!! pressure=370.0 PSI (beyond physical engine maximum)
[ML] Cycle — IF_score=0.1740  IF_anom=0  LSTM_err=0.000670  LSTM_anom=0  OR_gate=0  ensemble=1
!!! OVER_PRESSURE !!! pressure=370.0 PSI (beyond physical engine maximum)
[ML] Cycle — IF_score=0.1012  IF_anom=0  LSTM_err=0.000021  LSTM_anom=0  OR_gate=0  ensemble=1
!!! OVER_PRESSURE !!! pressure=370.0 PSI (beyond physical engine maximum)
[ML] Cycle — IF_score=0.1291  IF_anom=0  LSTM_err=0.000021  LSTM_anom=0  OR_gate=0  ensemble=1
!!! OVER_PRESSURE !!! pressure=370.0 PSI (beyond physical engine maximum)
[ML] Cycle — IF_score=0.1890  IF_anom=0  LSTM_err=0.000019  LSTM_anom=0  OR_gate=0  ensemble=1
!!! OVER_PRESSURE !!! pressure=370.0 PSI (beyond physical engine maximum)
[ML] Cycle — IF_score=0.1353  IF_anom=0  LSTM_err=0.000271  LSTM_anom=0  OR_gate=0  ensemble=1
